<html>
<body>
<pre>
<h1>µVision Build Log</h1>
<h2>Tool Versions:</h2>
IDE-Version: µVision V5.35.0.0
Copyright (C) 2021 ARM Ltd and ARM Germany GmbH. All rights reserved.
License Information: aaa greatreyhan, aaaa, LIC=----
 
Tool Versions:
Toolchain:       MDK-Lite  Version: 5.35.0.2
Toolchain Path:  C:\Keil_v5\ARM\ARMCC\Bin
C Compiler:      Armcc.exe V5.06 update 7 (build 960)
Assembler:       Armasm.exe V5.06 update 7 (build 960)
Linker/Locator:  ArmLink.exe V5.06 update 7 (build 960)
Library Manager: ArmAr.exe V5.06 update 7 (build 960)
Hex Converter:   FromElf.exe V5.06 update 7 (build 960)
CPU DLL:         SARMCM3.DLL V5.35.0.2
Dialog DLL:      DCM.DLL V1.17.3.0
Target DLL:      STLink\ST-LINKIII-KEIL_SWO.dll V3.0.9.0
Dialog DLL:      TCM.DLL V1.53.0.0
 
<h2>Project:</h2>
D:\STM32\New Academy\BNO055_LCD_F103C8T6\MDK-ARM\BNO055_LCD_F103C8T6.uvprojx
Project File Date:  01/01/2023

<h2>Output:</h2>
*** Using Compiler 'V5.06 update 7 (build 960)', folder: 'C:\Keil_v5\ARM\ARMCC\Bin'
Build target 'BNO055_LCD_F103C8T6'
compiling main.c...
..\..\BNO055_LCD_F103C8T6\BNO055.h(281): warning:  #1295-D: Deprecated declaration bno055_reset - give arg types
  void bno055_reset();
..\..\BNO055_LCD_F103C8T6\BNO055.h(282): warning:  #1295-D: Deprecated declaration bno055_getOperationMode - give arg types
  bno055_opmode_t bno055_getOperationMode();
..\..\BNO055_LCD_F103C8T6\BNO055.h(284): warning:  #1295-D: Deprecated declaration bno055_setOperationModeConfig - give arg types
  void bno055_setOperationModeConfig();
..\..\BNO055_LCD_F103C8T6\BNO055.h(285): warning:  #1295-D: Deprecated declaration bno055_setOperationModeNDOF - give arg types
  void bno055_setOperationModeNDOF();
..\..\BNO055_LCD_F103C8T6\BNO055.h(286): warning:  #1295-D: Deprecated declaration bno055_enableExternalCrystal - give arg types
  void bno055_enableExternalCrystal();
..\..\BNO055_LCD_F103C8T6\BNO055.h(287): warning:  #1295-D: Deprecated declaration bno055_disableExternalCrystal - give arg types
  void bno055_disableExternalCrystal();
..\..\BNO055_LCD_F103C8T6\BNO055.h(288): warning:  #1295-D: Deprecated declaration bno055_setup - give arg types
  void bno055_setup();
..\..\BNO055_LCD_F103C8T6\BNO055.h(290): warning:  #1295-D: Deprecated declaration bno055_getTemp - give arg types
  int8_t bno055_getTemp();
..\..\BNO055_LCD_F103C8T6\BNO055.h(292): warning:  #1295-D: Deprecated declaration bno055_getBootloaderRevision - give arg types
  uint8_t bno055_getBootloaderRevision();
..\..\BNO055_LCD_F103C8T6\BNO055.h(293): warning:  #1295-D: Deprecated declaration bno055_getSystemStatus - give arg types
  uint8_t bno055_getSystemStatus();
..\..\BNO055_LCD_F103C8T6\BNO055.h(294): warning:  #1295-D: Deprecated declaration bno055_getSystemError - give arg types
  uint8_t bno055_getSystemError();
..\..\BNO055_LCD_F103C8T6\BNO055.h(295): warning:  #1295-D: Deprecated declaration bno055_getSWRevision - give arg types
  int16_t bno055_getSWRevision();
..\..\BNO055_LCD_F103C8T6\BNO055.h(297): warning:  #1295-D: Deprecated declaration bno055_getSelfTestResult - give arg types
  bno055_self_test_result_t bno055_getSelfTestResult();
..\..\BNO055_LCD_F103C8T6\BNO055.h(298): warning:  #1295-D: Deprecated declaration bno055_getCalibrationState - give arg types
  bno055_calibration_state_t bno055_getCalibrationState();
..\..\BNO055_LCD_F103C8T6\BNO055.h(299): warning:  #1295-D: Deprecated declaration bno055_getCalibrationData - give arg types
  bno055_calibration_data_t bno055_getCalibrationData();
..\..\BNO055_LCD_F103C8T6\BNO055.h(301): warning:  #1295-D: Deprecated declaration bno055_getVectorAccelerometer - give arg types
  bno055_vector_t bno055_getVectorAccelerometer();
..\..\BNO055_LCD_F103C8T6\BNO055.h(302): warning:  #1295-D: Deprecated declaration bno055_getVectorMagnetometer - give arg types
  bno055_vector_t bno055_getVectorMagnetometer();
..\..\BNO055_LCD_F103C8T6\BNO055.h(303): warning:  #1295-D: Deprecated declaration bno055_getVectorGyroscope - give arg types
  bno055_vector_t bno055_getVectorGyroscope();
..\..\BNO055_LCD_F103C8T6\BNO055.h(304): warning:  #1295-D: Deprecated declaration bno055_getVectorEuler - give arg types
  bno055_vector_t bno055_getVectorEuler();
..\..\BNO055_LCD_F103C8T6\BNO055.h(305): warning:  #1295-D: Deprecated declaration bno055_getVectorLinearAccel - give arg types
  bno055_vector_t bno055_getVectorLinearAccel();
..\..\BNO055_LCD_F103C8T6\BNO055.h(306): warning:  #1295-D: Deprecated declaration bno055_getVectorGravity - give arg types
  bno055_vector_t bno055_getVectorGravity();
..\..\BNO055_LCD_F103C8T6\BNO055.h(307): warning:  #1295-D: Deprecated declaration bno055_getVectorQuaternion - give arg types
  bno055_vector_t bno055_getVectorQuaternion();
..\..\BNO055_LCD_F103C8T6\BNO055.h(324): warning:  #1-D: last line of file ends without a newline
  #endif  // BNO055_STM32_H_
../Core/Src/main.c: 23 warnings, 0 errors
linking...
Program Size: Code=17520 RO-data=860 RW-data=48 ZI-data=2088  
FromELF: creating hex file...
"BNO055_LCD_F103C8T6\BNO055_LCD_F103C8T6.axf" - 0 Error(s), 23 Warning(s).

<h2>Software Packages used:</h2>

Package Vendor: ARM
                http://www.keil.com/pack/ARM.CMSIS.5.9.0.pack
                ARM.CMSIS.5.9.0
                CMSIS (Common Microcontroller Software Interface Standard)
   * Component: CORE Version: 5.6.0

Package Vendor: Keil
                http://www.keil.com/pack/Keil.STM32F1xx_DFP.2.4.0.pack
                Keil.STM32F1xx_DFP.2.4.0
                STMicroelectronics STM32F1 Series Device Support, Drivers and Examples

<h2>Collection of Component include folders:</h2>
  .\RTE\_BNO055_LCD_F103C8T6
  C:\Users\greatreyhan\AppData\Local\Arm\Packs\ARM\CMSIS\5.9.0\CMSIS\Core\Include
  C:\Users\greatreyhan\AppData\Local\Arm\Packs\Keil\STM32F1xx_DFP\2.4.0\Device\Include

<h2>Collection of Component Files used:</h2>

   * Component: ARM::CMSIS:CORE:5.6.0
      Include file:  CMSIS\Core\Include\tz_context.h
Build Time Elapsed:  00:00:02
</pre>
</body>
</html>
