Component: ARM Compiler 5.06 update 7 (build 960) Tool: armlink [4d3601]

==============================================================================

Section Cross References

    startup_stm32f103xb.o(STACK) refers (Special) to heapauxi.o(.text) for __use_two_region_memory
    startup_stm32f103xb.o(HEAP) refers (Special) to heapauxi.o(.text) for __use_two_region_memory
    startup_stm32f103xb.o(RESET) refers (Special) to heapauxi.o(.text) for __use_two_region_memory
    startup_stm32f103xb.o(RESET) refers to startup_stm32f103xb.o(STACK) for __initial_sp
    startup_stm32f103xb.o(RESET) refers to startup_stm32f103xb.o(.text) for Reset_Handler
    startup_stm32f103xb.o(RESET) refers to stm32f1xx_it.o(i.NMI_Handler) for NMI_Handler
    startup_stm32f103xb.o(RESET) refers to stm32f1xx_it.o(i.HardFault_Handler) for HardFault_Handler
    startup_stm32f103xb.o(RESET) refers to stm32f1xx_it.o(i.MemManage_Handler) for MemManage_Handler
    startup_stm32f103xb.o(RESET) refers to stm32f1xx_it.o(i.BusFault_Handler) for BusFault_Handler
    startup_stm32f103xb.o(RESET) refers to stm32f1xx_it.o(i.UsageFault_Handler) for UsageFault_Handler
    startup_stm32f103xb.o(RESET) refers to stm32f1xx_it.o(i.SVC_Handler) for SVC_Handler
    startup_stm32f103xb.o(RESET) refers to stm32f1xx_it.o(i.DebugMon_Handler) for DebugMon_Handler
    startup_stm32f103xb.o(RESET) refers to stm32f1xx_it.o(i.PendSV_Handler) for PendSV_Handler
    startup_stm32f103xb.o(RESET) refers to stm32f1xx_it.o(i.SysTick_Handler) for SysTick_Handler
    startup_stm32f103xb.o(.text) refers (Special) to heapauxi.o(.text) for __use_two_region_memory
    startup_stm32f103xb.o(.text) refers to system_stm32f1xx.o(i.SystemInit) for SystemInit
    startup_stm32f103xb.o(.text) refers to __main.o(!!!main) for __main
    startup_stm32f103xb.o(.text) refers to startup_stm32f103xb.o(HEAP) for Heap_Mem
    startup_stm32f103xb.o(.text) refers to startup_stm32f103xb.o(STACK) for Stack_Mem
    main.o(i.SystemClock_Config) refers to rt_memclr_w.o(.text) for __aeabi_memclr4
    main.o(i.SystemClock_Config) refers to stm32f1xx_hal_rcc.o(i.HAL_RCC_OscConfig) for HAL_RCC_OscConfig
    main.o(i.SystemClock_Config) refers to stm32f1xx_hal_rcc.o(i.HAL_RCC_ClockConfig) for HAL_RCC_ClockConfig
    main.o(i.main) refers to stm32f1xx_hal.o(i.HAL_Init) for HAL_Init
    main.o(i.main) refers to main.o(i.SystemClock_Config) for SystemClock_Config
    main.o(i.main) refers to stm32f1xx_hal_gpio.o(i.HAL_GPIO_WritePin) for HAL_GPIO_WritePin
    main.o(i.main) refers to stm32f1xx_hal_gpio.o(i.HAL_GPIO_Init) for HAL_GPIO_Init
    main.o(i.main) refers to stm32f1xx_hal_i2c.o(i.HAL_I2C_Init) for HAL_I2C_Init
    main.o(i.main) refers to lcd16x2_i2c.o(i.lcd16x2_i2c_init) for lcd16x2_i2c_init
    main.o(i.main) refers to lcd16x2_i2c.o(i.lcd16x2_i2c_clear) for lcd16x2_i2c_clear
    main.o(i.main) refers to lcd16x2_i2c.o(i.lcd16x2_i2c_printf) for lcd16x2_i2c_printf
    main.o(i.main) refers to bno055.o(i.bno055_setup) for bno055_setup
    main.o(i.main) refers to bno055.o(i.bno055_setOperationModeNDOF) for bno055_setOperationModeNDOF
    main.o(i.main) refers to bno055.o(i.bno055_getVectorEuler) for bno055_getVectorEuler
    main.o(i.main) refers to rt_memcpy_w.o(.text) for __aeabi_memcpy4
    main.o(i.main) refers to lcd16x2_i2c.o(i.lcd16x2_i2c_setCursor) for lcd16x2_i2c_setCursor
    main.o(i.main) refers to stm32f1xx_hal.o(i.HAL_Delay) for HAL_Delay
    main.o(i.main) refers to main.o(.bss) for .bss
    stm32f1xx_it.o(i.SysTick_Handler) refers to stm32f1xx_hal.o(i.HAL_IncTick) for HAL_IncTick
    stm32f1xx_hal_msp.o(i.HAL_I2C_MspDeInit) refers to stm32f1xx_hal_gpio.o(i.HAL_GPIO_DeInit) for HAL_GPIO_DeInit
    stm32f1xx_hal_msp.o(i.HAL_I2C_MspInit) refers to stm32f1xx_hal_gpio.o(i.HAL_GPIO_Init) for HAL_GPIO_Init
    bno055.o(i.bno055_delay) refers to stm32f1xx_hal.o(i.HAL_Delay) for HAL_Delay
    bno055.o(i.bno055_disableExternalCrystal) refers to bno055.o(i.bno055_setExternalCrystalUse) for bno055_setExternalCrystalUse
    bno055.o(i.bno055_enableExternalCrystal) refers to bno055.o(i.bno055_setExternalCrystalUse) for bno055_setExternalCrystalUse
    bno055.o(i.bno055_getBootloaderRevision) refers to bno055.o(i.bno055_setPage) for bno055_setPage
    bno055.o(i.bno055_getBootloaderRevision) refers to bno055.o(i.bno055_readData) for bno055_readData
    bno055.o(i.bno055_getCalibrationData) refers to bno055.o(i.bno055_getOperationMode) for bno055_getOperationMode
    bno055.o(i.bno055_getCalibrationData) refers to bno055.o(i.bno055_setOperationMode) for bno055_setOperationMode
    bno055.o(i.bno055_getCalibrationData) refers to bno055.o(i.bno055_setPage) for bno055_setPage
    bno055.o(i.bno055_getCalibrationData) refers to bno055.o(i.bno055_readData) for bno055_readData
    bno055.o(i.bno055_getCalibrationData) refers to rt_memcpy_v6.o(.text) for __aeabi_memcpy
    bno055.o(i.bno055_getCalibrationState) refers to bno055.o(i.bno055_setPage) for bno055_setPage
[...]
    CL$$btod_mult_common                     0x0800238c   Section      580  btod.o(CL$$btod_mult_common)
    i.BusFault_Handler                       0x080025d0   Section        0  stm32f1xx_it.o(i.BusFault_Handler)
    i.DebugMon_Handler                       0x080025d2   Section        0  stm32f1xx_it.o(i.DebugMon_Handler)
    i.HAL_Delay                              0x080025d4   Section        0  stm32f1xx_hal.o(i.HAL_Delay)
    i.HAL_GPIO_Init                          0x080025f8   Section        0  stm32f1xx_hal_gpio.o(i.HAL_GPIO_Init)
    i.HAL_GPIO_WritePin                      0x080027d8   Section        0  stm32f1xx_hal_gpio.o(i.HAL_GPIO_WritePin)
    i.HAL_GetTick                            0x080027e4   Section        0  stm32f1xx_hal.o(i.HAL_GetTick)
    i.HAL_I2C_GetError                       0x080027f0   Section        0  stm32f1xx_hal_i2c.o(i.HAL_I2C_GetError)
    i.HAL_I2C_GetState                       0x080027f4   Section        0  stm32f1xx_hal_i2c.o(i.HAL_I2C_GetState)
    i.HAL_I2C_Init                           0x080027fc   Section        0  stm32f1xx_hal_i2c.o(i.HAL_I2C_Init)
    i.HAL_I2C_IsDeviceReady                  0x08002984   Section        0  stm32f1xx_hal_i2c.o(i.HAL_I2C_IsDeviceReady)
    i.HAL_I2C_Master_Receive                 0x08002af0   Section        0  stm32f1xx_hal_i2c.o(i.HAL_I2C_Master_Receive)
    i.HAL_I2C_Master_Transmit                0x08002d34   Section        0  stm32f1xx_hal_i2c.o(i.HAL_I2C_Master_Transmit)
    i.HAL_I2C_MspInit                        0x08002e60   Section        0  stm32f1xx_hal_msp.o(i.HAL_I2C_MspInit)
    i.HAL_IncTick                            0x08002ef8   Section        0  stm32f1xx_hal.o(i.HAL_IncTick)
    i.HAL_Init                               0x08002f08   Section        0  stm32f1xx_hal.o(i.HAL_Init)
    i.HAL_InitTick                           0x08002f2c   Section        0  stm32f1xx_hal.o(i.HAL_InitTick)
    i.HAL_MspInit                            0x08002f6c   Section        0  stm32f1xx_hal_msp.o(i.HAL_MspInit)
    i.HAL_NVIC_SetPriority                   0x08002f98   Section        0  stm32f1xx_hal_cortex.o(i.HAL_NVIC_SetPriority)
    i.HAL_NVIC_SetPriorityGrouping           0x08002fd8   Section        0  stm32f1xx_hal_cortex.o(i.HAL_NVIC_SetPriorityGrouping)
    i.HAL_RCC_ClockConfig                    0x08002ffc   Section        0  stm32f1xx_hal_rcc.o(i.HAL_RCC_ClockConfig)
    i.HAL_RCC_GetPCLK1Freq                   0x08003128   Section        0  stm32f1xx_hal_rcc.o(i.HAL_RCC_GetPCLK1Freq)
    i.HAL_RCC_GetSysClockFreq                0x08003148   Section        0  stm32f1xx_hal_rcc.o(i.HAL_RCC_GetSysClockFreq)
    i.HAL_RCC_OscConfig                      0x080031b4   Section        0  stm32f1xx_hal_rcc.o(i.HAL_RCC_OscConfig)
    i.HAL_SYSTICK_Config                     0x080034d4   Section        0  stm32f1xx_hal_cortex.o(i.HAL_SYSTICK_Config)
    i.HardFault_Handler                      0x080034fc   Section        0  stm32f1xx_it.o(i.HardFault_Handler)
    i.I2C_IsAcknowledgeFailed                0x080034fe   Section        0  stm32f1xx_hal_i2c.o(i.I2C_IsAcknowledgeFailed)
    I2C_IsAcknowledgeFailed                  0x080034ff   Thumb Code    46  stm32f1xx_hal_i2c.o(i.I2C_IsAcknowledgeFailed)
    i.I2C_MasterRequestRead                  0x0800352c   Section        0  stm32f1xx_hal_i2c.o(i.I2C_MasterRequestRead)
    I2C_MasterRequestRead                    0x0800352d   Thumb Code   230  stm32f1xx_hal_i2c.o(i.I2C_MasterRequestRead)
    i.I2C_MasterRequestWrite                 0x08003618   Section        0  stm32f1xx_hal_i2c.o(i.I2C_MasterRequestWrite)
    I2C_MasterRequestWrite                   0x08003619   Thumb Code   150  stm32f1xx_hal_i2c.o(i.I2C_MasterRequestWrite)
    i.I2C_WaitOnBTFFlagUntilTimeout          0x080036b4   Section        0  stm32f1xx_hal_i2c.o(i.I2C_WaitOnBTFFlagUntilTimeout)
    I2C_WaitOnBTFFlagUntilTimeout            0x080036b5   Thumb Code    76  stm32f1xx_hal_i2c.o(i.I2C_WaitOnBTFFlagUntilTimeout)
    i.I2C_WaitOnFlagUntilTimeout             0x08003700   Section        0  stm32f1xx_hal_i2c.o(i.I2C_WaitOnFlagUntilTimeout)
    I2C_WaitOnFlagUntilTimeout               0x08003701   Thumb Code   104  stm32f1xx_hal_i2c.o(i.I2C_WaitOnFlagUntilTimeout)
    i.I2C_WaitOnMasterAddressFlagUntilTimeout 0x08003768   Section        0  stm32f1xx_hal_i2c.o(i.I2C_WaitOnMasterAddressFlagUntilTimeout)
    I2C_WaitOnMasterAddressFlagUntilTimeout  0x08003769   Thumb Code   150  stm32f1xx_hal_i2c.o(i.I2C_WaitOnMasterAddressFlagUntilTimeout)
    i.I2C_WaitOnRXNEFlagUntilTimeout         0x080037fe   Section        0  stm32f1xx_hal_i2c.o(i.I2C_WaitOnRXNEFlagUntilTimeout)
    I2C_WaitOnRXNEFlagUntilTimeout           0x080037ff   Thumb Code   102  stm32f1xx_hal_i2c.o(i.I2C_WaitOnRXNEFlagUntilTimeout)
    i.I2C_WaitOnTXEFlagUntilTimeout          0x08003864   Section        0  stm32f1xx_hal_i2c.o(i.I2C_WaitOnTXEFlagUntilTimeout)
    I2C_WaitOnTXEFlagUntilTimeout            0x08003865   Thumb Code    76  stm32f1xx_hal_i2c.o(i.I2C_WaitOnTXEFlagUntilTimeout)
    i.MemManage_Handler                      0x080038b0   Section        0  stm32f1xx_it.o(i.MemManage_Handler)
    i.NMI_Handler                            0x080038b2   Section        0  stm32f1xx_it.o(i.NMI_Handler)
    i.PendSV_Handler                         0x080038b4   Section        0  stm32f1xx_it.o(i.PendSV_Handler)
    i.SVC_Handler                            0x080038b6   Section        0  stm32f1xx_it.o(i.SVC_Handler)
    i.SysTick_Handler                        0x080038b8   Section        0  stm32f1xx_it.o(i.SysTick_Handler)
    i.SystemClock_Config                     0x080038bc   Section        0  main.o(i.SystemClock_Config)
    i.SystemInit                             0x0800390c   Section        0  system_stm32f1xx.o(i.SystemInit)
    i.UsageFault_Handler                     0x0800390e   Section        0  stm32f1xx_it.o(i.UsageFault_Handler)
    i.__ARM_fpclassify                       0x08003910   Section        0  fpclassify.o(i.__ARM_fpclassify)
    i.__NVIC_SetPriority                     0x08003938   Section        0  stm32f1xx_hal_cortex.o(i.__NVIC_SetPriority)
    __NVIC_SetPriority                       0x08003939   Thumb Code    32  stm32f1xx_hal_cortex.o(i.__NVIC_SetPriority)
    i._is_digit                              0x08003958   Section        0  __printf_wp.o(i._is_digit)
    i.bno055_getVector                       0x08003968   Section        0  bno055.o(i.bno055_getVector)
    i.bno055_getVectorEuler                  0x08003a6c   Section        0  bno055.o(i.bno055_getVectorEuler)
    i.bno055_readData                        0x08003a74   Section        0  bno055.o(i.bno055_readData)
    i.bno055_reset                           0x08003aa0   Section        0  bno055.o(i.bno055_reset)
    i.bno055_setOperationMode                0x08003ab6   Section        0  bno055.o(i.bno055_setOperationMode)
    i.bno055_setOperationModeNDOF            0x08003ad2   Section        0  bno055.o(i.bno055_setOperationModeNDOF)
    i.bno055_setPage                         0x08003ad8   Section        0  bno055.o(i.bno055_setPage)
    i.bno055_setup                           0x08003ae0   Section        0  bno055.o(i.bno055_setup)
    i.bno055_writeData                       0x08003b5c   Section        0  bno055.o(i.bno055_writeData)
    i.fputc                                  0x08003e48   Section        0  fputc.o(i.fputc)
    i.lcd16x2_i2c_clear                      0x08003e62   Section        0  lcd16x2_i2c.o(i.lcd16x2_i2c_clear)
    i.lcd16x2_i2c_init                       0x08003e74   Section        0  lcd16x2_i2c.o(i.lcd16x2_i2c_init)
    i.lcd16x2_i2c_printf                     0x08003f2c   Section        0  lcd16x2_i2c.o(i.lcd16x2_i2c_printf)
    i.lcd16x2_i2c_sendCommand                0x08003f9c   Section        0  lcd16x2_i2c.o(i.lcd16x2_i2c_sendCommand)
    lcd16x2_i2c_sendCommand                  0x08003f9d   Thumb Code    60  lcd16x2_i2c.o(i.lcd16x2_i2c_sendCommand)
    i.lcd16x2_i2c_setCursor                  0x08003fdc   Section        0  lcd16x2_i2c.o(i.lcd16x2_i2c_setCursor)
    i.main                                   0x08003ff4   Section        0  main.o(i.main)
    locale$$code                             0x08004150   Section       44  lc_numeric_c.o(locale$$code)
    locale$$code                             0x0800417c   Section       44  lc_ctype_c.o(locale$$code)
    x$fpl$ddiv                               0x080041a8   Section      688  ddiv.o(x$fpl$ddiv)
    ddiv_entry                               0x080041af   Thumb Code     0  ddiv.o(x$fpl$ddiv)
    x$fpl$dflt                               0x08004458   Section       46  dflt_clz.o(x$fpl$dflt)
    x$fpl$dfltu                              0x08004486   Section       38  dflt_clz.o(x$fpl$dfltu)
    x$fpl$dnaninf                            0x080044ac   Section      156  dnaninf.o(x$fpl$dnaninf)
    x$fpl$dretinf                            0x08004548   Section       12  dretinf.o(x$fpl$dretinf)
    x$fpl$printf1                            0x08004554   Section        4  printf1.o(x$fpl$printf1)
    x$fpl$printf2                            0x08004558   Section        4  printf2.o(x$fpl$printf2)
    .constdata                               0x0800455c   Section       16  system_stm32f1xx.o(.constdata)
    x$fpl$usenofp                            0x0800455c   Section        0  usenofp.o(x$fpl$usenofp)
    .constdata                               0x0800456c   Section        8  system_stm32f1xx.o(.constdata)
    .constdata                               0x08004574   Section       40  _printf_hex_int_ll_ptr.o(.constdata)
    uc_hextab                                0x08004574   Data          20  _printf_hex_int_ll_ptr.o(.constdata)
    lc_hextab                                0x08004588   Data          20  _printf_hex_int_ll_ptr.o(.constdata)
    .constdata                               0x0800459c   Section       17  __printf_flags_ss_wp.o(.constdata)
    maptable                                 0x0800459c   Data          17  __printf_flags_ss_wp.o(.constdata)
    .constdata                               0x080045b0   Section        8  _printf_wctomb.o(.constdata)
    initial_mbstate                          0x080045b0   Data           8  _printf_wctomb.o(.constdata)
    .constdata                               0x080045b8   Section       38  _printf_fp_hex.o(.constdata)
    lc_hextab                                0x080045b8   Data          19  _printf_fp_hex.o(.constdata)
    uc_hextab                                0x080045cb   Data          19  _printf_fp_hex.o(.constdata)
    .constdata                               0x080045de   Section        4  sys_io.o(.constdata)
    .constdata                               0x080045e2   Section        4  sys_io.o(.constdata)
    .constdata                               0x080045e6   Section        4  sys_io.o(.constdata)
    .constdata                               0x080045ec   Section      148  bigflt0.o(.constdata)
    tenpwrs_x                                0x080045ec   Data          60  bigflt0.o(.constdata)
    tenpwrs_i                                0x08004628   Data          64  bigflt0.o(.constdata)
    locale$$data                             0x080046a0   Section       28  lc_numeric_c.o(locale$$data)
    __lcnum_c_name                           0x080046a4   Data           2  lc_numeric_c.o(locale$$data)
    __lcnum_c_start                          0x080046ac   Data           0  lc_numeric_c.o(locale$$data)
    __lcnum_c_point                          0x080046b8   Data           0  lc_numeric_c.o(locale$$data)
    __lcnum_c_thousands                      0x080046ba   Data           0  lc_numeric_c.o(locale$$data)
    __lcnum_c_grouping                       0x080046bb   Data           0  lc_numeric_c.o(locale$$data)
    locale$$data                             0x080046bc   Section      272  lc_ctype_c.o(locale$$data)
    __lcnum_c_end                            0x080046bc   Data           0  lc_numeric_c.o(locale$$data)
    __lcctype_c_name                         0x080046c0   Data           2  lc_ctype_c.o(locale$$data)
    __lcctype_c_start                        0x080046c8   Data           0  lc_ctype_c.o(locale$$data)
    __lcctype_c_end                          0x080047cc   Data           0  lc_ctype_c.o(locale$$data)
    .data                                    0x20000000   Section       10  bno055.o(.data)
    .data                                    0x2000000c   Section        8  lcd16x2_i2c.o(.data)
    LCD_I2C_SLAVE_ADDRESS                    0x2000000c   Data           1  lcd16x2_i2c.o(.data)
    lcd16x2_i2cHandle                        0x20000010   Data           4  lcd16x2_i2c.o(.data)
    .data                                    0x20000014   Section       12  stm32f1xx_hal.o(.data)
    .data                                    0x20000020   Section        4  system_stm32f1xx.o(.data)
    .data                                    0x20000024   Section        4  stdio_streams.o(.data)
    .data                                    0x20000028   Section        4  stdio_streams.o(.data)
    .data                                    0x2000002c   Section        4  stdio_streams.o(.data)
    .bss                                     0x20000030   Section      200  main.o(.bss)
    .bss                                     0x200000f8   Section       84  stdio_streams.o(.bss)
    .bss                                     0x2000014c   Section       84  stdio_streams.o(.bss)
    .bss                                     0x200001a0   Section       84  stdio_streams.o(.bss)
    .bss                                     0x200001f4   Section       96  libspace.o(.bss)
    HEAP                                     0x20000258   Section      512  startup_stm32f103xb.o(HEAP)
    Heap_Mem                                 0x20000258   Data         512  startup_stm32f103xb.o(HEAP)
    STACK                                    0x20000458   Section     1024  startup_stm32f103xb.o(STACK)
    Stack_Mem                                0x20000458   Data        1024  startup_stm32f103xb.o(STACK)
    __initial_sp                             0x20000858   Data           0  startup_stm32f103xb.o(STACK)

    Global Symbols

    Symbol Name                              Value     Ov Type        Size  Object(Section)

    BuildAttributes$$THM_ISAv4$P$D$K$B$S$PE$A:L22UL41UL21$X:L11$S22US41US21$IEEE1$IW$USESV6$~STKCKD$USESV7$~SHL$OTIME$ROPI$IEEEJ$EBA8$UX$STANDARDLIB$REQ8$PRES8$EABIv2 0x00000000   Number         0  anon$$obj.o ABSOLUTE
    __ARM_use_no_argv                        0x00000000   Number         0  main.o ABSOLUTE
    _printf_flags                            0x00000000   Number         0  printf_stubs.o ABSOLUTE
    _printf_return_value                     0x00000000   Number         0  printf_stubs.o ABSOLUTE
    _printf_sizespec                         0x00000000   Number         0  printf_stubs.o ABSOLUTE
    _printf_widthprec                        0x00000000   Number         0  printf_stubs.o ABSOLUTE
    __ARM_exceptions_init                     - Undefined Weak Reference
    __alloca_initialize                       - Undefined Weak Reference
    __arm_fini_                               - Undefined Weak Reference
    __arm_preinit_                            - Undefined Weak Reference
    __cpp_initialize__aeabi_                  - Undefined Weak Reference
    __cxa_finalize                            - Undefined Weak Reference
    __sigvec_lookup                           - Undefined Weak Reference
    __user_heap_extent                        - Undefined Weak Reference
    _atexit_init                              - Undefined Weak Reference
    _call_atexit_fns                          - Undefined Weak Reference
    _clock_init                               - Undefined Weak Reference
    _fp_trap_init                             - Undefined Weak Reference
    _fp_trap_shutdown                         - Undefined Weak Reference
    _get_lc_collate                           - Undefined Weak Reference
    _get_lc_monetary                          - Undefined Weak Reference
    _get_lc_time                              - Undefined Weak Reference
    _getenv_init                              - Undefined Weak Reference
    _handle_redirection                       - Undefined Weak Reference
    _mutex_acquire                            - Undefined Weak Reference
    _mutex_free                               - Undefined Weak Reference
    _mutex_release                            - Undefined Weak Reference
    _printf_mbtowc                            - Undefined Weak Reference
    _printf_wc                                - Undefined Weak Reference
    _rand_init                                - Undefined Weak Reference
    _signal_finish                            - Undefined Weak Reference
    _signal_init                              - Undefined Weak Reference
    __Vectors_Size                           0x000000ec   Number         0  startup_stm32f103xb.o ABSOLUTE
    __Vectors                                0x08000000   Data           4  startup_stm32f103xb.o(RESET)
    __Vectors_End                            0x080000ec   Data           0  startup_stm32f103xb.o(RESET)
    __main                                   0x080000ed   Thumb Code     8  __main.o(!!!main)
    __scatterload                            0x080000f5   Thumb Code     0  __scatter.o(!!!scatter)
    __scatterload_rt2                        0x080000f5   Thumb Code    44  __scatter.o(!!!scatter)
    __scatterload_rt2_thumb_only             0x080000f5   Thumb Code     0  __scatter.o(!!!scatter)
    __scatterload_null                       0x08000103   Thumb Code     0  __scatter.o(!!!scatter)
    __scatterload_copy                       0x08000129   Thumb Code    26  __scatter_copy.o(!!handler_copy)
    __scatterload_zeroinit                   0x08000145   Thumb Code    28  __scatter_zi.o(!!handler_zi)
    _printf_n                                0x08000161   Thumb Code     0  _printf_n.o(.ARM.Collect$$_printf_percent$$00000001)
    _printf_percent                          0x08000161   Thumb Code     0  _printf_percent.o(.ARM.Collect$$_printf_percent$$00000000)
    _printf_p                                0x08000167   Thumb Code     0  _printf_p.o(.ARM.Collect$$_printf_percent$$00000002)
    _printf_f                                0x0800016d   Thumb Code     0  _printf_f.o(.ARM.Collect$$_printf_percent$$00000003)
    _printf_e                                0x08000173   Thumb Code     0  _printf_e.o(.ARM.Collect$$_printf_percent$$00000004)
    _printf_g                                0x08000179   Thumb Code     0  _printf_g.o(.ARM.Collect$$_printf_percent$$00000005)
    _printf_a                                0x0800017f   Thumb Code     0  _printf_a.o(.ARM.Collect$$_printf_percent$$00000006)
    _printf_ll                               0x08000185   Thumb Code     0  _printf_ll.o(.ARM.Collect$$_printf_percent$$00000007)
    _printf_i                                0x0800018f   Thumb Code     0  _printf_i.o(.ARM.Collect$$_printf_percent$$00000008)
    _printf_d                                0x08000195   Thumb Code     0  _printf_d.o(.ARM.Collect$$_printf_percent$$00000009)
    _printf_u                                0x0800019b   Thumb Code     0  _printf_u.o(.ARM.Collect$$_printf_percent$$0000000A)
    _printf_o                                0x080001a1   Thumb Code     0  _printf_o.o(.ARM.Collect$$_printf_percent$$0000000B)
    _printf_x                                0x080001a7   Thumb Code     0  _printf_x.o(.ARM.Collect$$_printf_percent$$0000000C)
    _printf_lli                              0x080001ad   Thumb Code     0  _printf_lli.o(.ARM.Collect$$_printf_percent$$0000000D)
    _printf_lld                              0x080001b3   Thumb Code     0  _printf_lld.o(.ARM.Collect$$_printf_percent$$0000000E)
    _printf_llu                              0x080001b9   Thumb Code     0  _printf_llu.o(.ARM.Collect$$_printf_percent$$0000000F)
    _printf_llo                              0x080001bf   Thumb Code     0  _printf_llo.o(.ARM.Collect$$_printf_percent$$00000010)
    _printf_llx                              0x080001c5   Thumb Code     0  _printf_llx.o(.ARM.Collect$$_printf_percent$$00000011)
    _printf_l                                0x080001cb   Thumb Code     0  _printf_l.o(.ARM.Collect$$_printf_percent$$00000012)
    _printf_c                                0x080001d5   Thumb Code     0  _printf_c.o(.ARM.Collect$$_printf_percent$$00000013)
    _printf_s                                0x080001db   Thumb Code     0  _printf_s.o(.ARM.Collect$$_printf_percent$$00000014)
    _printf_lc                               0x080001e1   Thumb Code     0  _printf_lc.o(.ARM.Collect$$_printf_percent$$00000015)
    _printf_ls                               0x080001e7   Thumb Code     0  _printf_ls.o(.ARM.Collect$$_printf_percent$$00000016)
    _printf_percent_end                      0x080001ed   Thumb Code     0  _printf_percent_end.o(.ARM.Collect$$_printf_percent$$00000017)
    __rt_lib_init                            0x080001f1   Thumb Code     0  libinit.o(.ARM.Collect$$libinit$$00000000)
    __rt_lib_init_fp_1                       0x080001f3   Thumb Code     0  libinit2.o(.ARM.Collect$$libinit$$00000002)
    __rt_lib_init_heap_2                     0x080001f3   Thumb Code     0  libinit2.o(.ARM.Collect$$libinit$$00000005)
    __rt_lib_init_preinit_1                  0x080001f3   Thumb Code     0  libinit2.o(.ARM.Collect$$libinit$$00000004)
    __rt_lib_init_heap_1                     0x080001fb   Thumb Code     0  libinit2.o(.ARM.Collect$$libinit$$0000000A)
    __rt_lib_init_lc_common                  0x080001fb   Thumb Code     0  libinit2.o(.ARM.Collect$$libinit$$0000000F)
    __rt_lib_init_rand_1                     0x080001fb   Thumb Code     0  libinit2.o(.ARM.Collect$$libinit$$0000000E)
    __rt_lib_init_user_alloc_1               0x080001fb   Thumb Code     0  libinit2.o(.ARM.Collect$$libinit$$0000000C)
    __rt_lib_init_lc_collate_1               0x08000201   Thumb Code     0  libinit2.o(.ARM.Collect$$libinit$$00000011)
    __rt_lib_init_lc_ctype_2                 0x08000201   Thumb Code     0  libinit2.o(.ARM.Collect$$libinit$$00000012)
    __rt_lib_init_lc_ctype_1                 0x0800020d   Thumb Code     0  libinit2.o(.ARM.Collect$$libinit$$00000013)
    __rt_lib_init_lc_monetary_1              0x0800020d   Thumb Code     0  libinit2.o(.ARM.Collect$$libinit$$00000015)
    __rt_lib_init_lc_numeric_2               0x0800020d   Thumb Code     0  libinit2.o(.ARM.Collect$$libinit$$00000016)
    __rt_lib_init_atexit_1                   0x08000217   Thumb Code     0  libinit2.o(.ARM.Collect$$libinit$$0000001B)
    __rt_lib_init_clock_1                    0x08000217   Thumb Code     0  libinit2.o(.ARM.Collect$$libinit$$00000021)
    __rt_lib_init_fp_trap_1                  0x08000217   Thumb Code     0  libinit2.o(.ARM.Collect$$libinit$$0000001F)
    __rt_lib_init_getenv_1                   0x08000217   Thumb Code     0  libinit2.o(.ARM.Collect$$libinit$$00000023)
    __rt_lib_init_lc_numeric_1               0x08000217   Thumb Code     0  libinit2.o(.ARM.Collect$$libinit$$00000017)
    __rt_lib_init_lc_time_1                  0x08000217   Thumb Code     0  libinit2.o(.ARM.Collect$$libinit$$00000019)
    __rt_lib_init_signal_1                   0x08000217   Thumb Code     0  libinit2.o(.ARM.Collect$$libinit$$0000001D)
    __rt_lib_init_stdio_2                    0x08000217   Thumb Code     0  libinit2.o(.ARM.Collect$$libinit$$00000024)
    __rt_lib_init_alloca_1                   0x0800021b   Thumb Code     0  libinit2.o(.ARM.Collect$$libinit$$0000002E)
    __rt_lib_init_argv_1                     0x0800021b   Thumb Code     0  libinit2.o(.ARM.Collect$$libinit$$0000002C)
    __rt_lib_init_cpp_1                      0x0800021b   Thumb Code     0  libinit2.o(.ARM.Collect$$libinit$$00000032)
    __rt_lib_init_exceptions_1               0x0800021b   Thumb Code     0  libinit2.o(.ARM.Collect$$libinit$$00000030)
    __rt_lib_init_return                     0x0800021b   Thumb Code     0  libinit2.o(.ARM.Collect$$libinit$$00000033)
    __rt_lib_init_stdio_1                    0x0800021b   Thumb Code     0  libinit2.o(.ARM.Collect$$libinit$$00000025)
    __rt_lib_shutdown                        0x0800021d   Thumb Code     0  libshutdown.o(.ARM.Collect$$libshutdown$$00000000)
    __rt_lib_shutdown_cpp_1                  0x0800021f   Thumb Code     0  libshutdown2.o(.ARM.Collect$$libshutdown$$00000004)
    __rt_lib_shutdown_fini_1                 0x0800021f   Thumb Code     0  libshutdown2.o(.ARM.Collect$$libshutdown$$00000002)
    __rt_lib_shutdown_stdio_2                0x0800021f   Thumb Code     0  libshutdown2.o(.ARM.Collect$$libshutdown$$00000005)
    __rt_lib_shutdown_fp_trap_1              0x08000223   Thumb Code     0  libshutdown2.o(.ARM.Collect$$libshutdown$$00000009)
    __rt_lib_shutdown_heap_1                 0x08000223   Thumb Code     0  libshutdown2.o(.ARM.Collect$$libshutdown$$00000011)
    __rt_lib_shutdown_return                 0x08000223   Thumb Code     0  libshutdown2.o(.ARM.Collect$$libshutdown$$00000012)
    __rt_lib_shutdown_signal_1               0x08000223   Thumb Code     0  libshutdown2.o(.ARM.Collect$$libshutdown$$0000000C)
    __rt_lib_shutdown_stdio_1                0x08000223   Thumb Code     0  libshutdown2.o(.ARM.Collect$$libshutdown$$00000006)
    __rt_lib_shutdown_user_alloc_1           0x08000223   Thumb Code     0  libshutdown2.o(.ARM.Collect$$libshutdown$$0000000E)
    __rt_entry                               0x08000225   Thumb Code     0  __rtentry.o(.ARM.Collect$$rtentry$$00000000)
    __rt_entry_presh_1                       0x08000225   Thumb Code     0  __rtentry2.o(.ARM.Collect$$rtentry$$00000002)
    __rt_entry_sh                            0x08000225   Thumb Code     0  __rtentry4.o(.ARM.Collect$$rtentry$$00000004)
    __rt_entry_li                            0x0800022b   Thumb Code     0  __rtentry2.o(.ARM.Collect$$rtentry$$0000000A)
    __rt_entry_postsh_1                      0x0800022b   Thumb Code     0  __rtentry2.o(.ARM.Collect$$rtentry$$00000009)
    __rt_entry_main                          0x0800022f   Thumb Code     0  __rtentry2.o(.ARM.Collect$$rtentry$$0000000D)
    __rt_entry_postli_1                      0x0800022f   Thumb Code     0  __rtentry2.o(.ARM.Collect$$rtentry$$0000000C)
    __rt_exit                                0x08000237   Thumb Code     0  rtexit.o(.ARM.Collect$$rtexit$$00000000)
    __rt_exit_ls                             0x08000239   Thumb Code     0  rtexit2.o(.ARM.Collect$$rtexit$$00000003)
    __rt_exit_prels_1                        0x08000239   Thumb Code     0  rtexit2.o(.ARM.Collect$$rtexit$$00000002)
    __rt_exit_exit                           0x0800023d   Thumb Code     0  rtexit2.o(.ARM.Collect$$rtexit$$00000004)
    Reset_Handler                            0x08000245   Thumb Code     8  startup_stm32f103xb.o(.text)
    _maybe_terminate_alloc                   0x08000245   Thumb Code     0  maybetermalloc1.o(.emb_text)
    ADC1_2_IRQHandler                        0x0800025f   Thumb Code     0  startup_stm32f103xb.o(.text)
    CAN1_RX1_IRQHandler                      0x0800025f   Thumb Code     0  startup_stm32f103xb.o(.text)
    CAN1_SCE_IRQHandler                      0x0800025f   Thumb Code     0  startup_stm32f103xb.o(.text)
    DMA1_Channel1_IRQHandler                 0x0800025f   Thumb Code     0  startup_stm32f103xb.o(.text)
    DMA1_Channel2_IRQHandler                 0x0800025f   Thumb Code     0  startup_stm32f103xb.o(.text)
    DMA1_Channel3_IRQHandler                 0x0800025f   Thumb Code     0  startup_stm32f103xb.o(.text)
    DMA1_Channel4_IRQHandler                 0x0800025f   Thumb Code     0  startup_stm32f103xb.o(.text)
    DMA1_Channel5_IRQHandler                 0x0800025f   Thumb Code     0  startup_stm32f103xb.o(.text)
    DMA1_Channel6_IRQHandler                 0x0800025f   Thumb Code     0  startup_stm32f103xb.o(.text)
    DMA1_Channel7_IRQHandler                 0x0800025f   Thumb Code     0  startup_stm32f103xb.o(.text)
    EXTI0_IRQHandler                         0x0800025f   Thumb Code     0  startup_stm32f103xb.o(.text)
    EXTI15_10_IRQHandler                     0x0800025f   Thumb Code     0  startup_stm32f103xb.o(.text)
    EXTI1_IRQHandler                         0x0800025f   Thumb Code     0  startup_stm32f103xb.o(.text)
    EXTI2_IRQHandler                         0x0800025f   Thumb Code     0  startup_stm32f103xb.o(.text)
    EXTI3_IRQHandler                         0x0800025f   Thumb Code     0  startup_stm32f103xb.o(.text)
    EXTI4_IRQHandler                         0x0800025f   Thumb Code     0  startup_stm32f103xb.o(.text)
    EXTI9_5_IRQHandler                       0x0800025f   Thumb Code     0  startup_stm32f103xb.o(.text)
    FLASH_IRQHandler                         0x0800025f   Thumb Code     0  startup_stm32f103xb.o(.text)
    I2C1_ER_IRQHandler                       0x0800025f   Thumb Code     0  startup_stm32f103xb.o(.text)
    I2C1_EV_IRQHandler                       0x0800025f   Thumb Code     0  startup_stm32f103xb.o(.text)
    I2C2_ER_IRQHandler                       0x0800025f   Thumb Code     0  startup_stm32f103xb.o(.text)
    I2C2_EV_IRQHandler                       0x0800025f   Thumb Code     0  startup_stm32f103xb.o(.text)
    PVD_IRQHandler                           0x0800025f   Thumb Code     0  startup_stm32f103xb.o(.text)
    RCC_IRQHandler                           0x0800025f   Thumb Code     0  startup_stm32f103xb.o(.text)
    RTC_Alarm_IRQHandler                     0x0800025f   Thumb Code     0  startup_stm32f103xb.o(.text)
    RTC_IRQHandler                           0x0800025f   Thumb Code     0  startup_stm32f103xb.o(.text)
    SPI1_IRQHandler                          0x0800025f   Thumb Code     0  startup_stm32f103xb.o(.text)
    SPI2_IRQHandler                          0x0800025f   Thumb Code     0  startup_stm32f103xb.o(.text)
    TAMPER_IRQHandler                        0x0800025f   Thumb Code     0  startup_stm32f103xb.o(.text)
    TIM1_BRK_IRQHandler                      0x0800025f   Thumb Code     0  startup_stm32f103xb.o(.text)
    TIM1_CC_IRQHandler                       0x0800025f   Thumb Code     0  startup_stm32f103xb.o(.text)
    TIM1_TRG_COM_IRQHandler                  0x0800025f   Thumb Code     0  startup_stm32f103xb.o(.text)
    TIM1_UP_IRQHandler                       0x0800025f   Thumb Code     0  startup_stm32f103xb.o(.text)
    TIM2_IRQHandler                          0x0800025f   Thumb Code     0  startup_stm32f103xb.o(.text)
    TIM3_IRQHandler                          0x0800025f   Thumb Code     0  startup_stm32f103xb.o(.text)
    TIM4_IRQHandler                          0x0800025f   Thumb Code     0  startup_stm32f103xb.o(.text)
    USART1_IRQHandler                        0x0800025f   Thumb Code     0  startup_stm32f103xb.o(.text)
    USART2_IRQHandler                        0x0800025f   Thumb Code     0  startup_stm32f103xb.o(.text)
    USART3_IRQHandler                        0x0800025f   Thumb Code     0  startup_stm32f103xb.o(.text)
    USBWakeUp_IRQHandler                     0x0800025f   Thumb Code     0  startup_stm32f103xb.o(.text)
    USB_HP_CAN1_TX_IRQHandler                0x0800025f   Thumb Code     0  startup_stm32f103xb.o(.text)
    USB_LP_CAN1_RX0_IRQHandler               0x0800025f   Thumb Code     0  startup_stm32f103xb.o(.text)
    WWDG_IRQHandler                          0x0800025f   Thumb Code     0  startup_stm32f103xb.o(.text)
    __user_initial_stackheap                 0x08000261   Thumb Code     0  startup_stm32f103xb.o(.text)
    vsprintf                                 0x08000285   Thumb Code    32  vsprintf.o(.text)
    __2printf                                0x080002a9   Thumb Code    20  __2printf.o(.text)
    _printf_pre_padding                      0x080002c1   Thumb Code    44  _printf_pad.o(.text)
    _printf_post_padding                     0x080002ed   Thumb Code    34  _printf_pad.o(.text)
    _printf_int_dec                          0x08000311   Thumb Code   104  _printf_dec.o(.text)
    _printf_longlong_hex                     0x08000389   Thumb Code    86  _printf_hex_int_ll_ptr.o(.text)
    _printf_int_hex                          0x080003df   Thumb Code    28  _printf_hex_int_ll_ptr.o(.text)
    _printf_ll_hex                           0x080003fb   Thumb Code    12  _printf_hex_int_ll_ptr.o(.text)
    _printf_hex_ptr                          0x08000407   Thumb Code    18  _printf_hex_int_ll_ptr.o(.text)
    __printf                                 0x0800041d   Thumb Code   388  __printf_flags_ss_wp.o(.text)
    strlen                                   0x080005a5   Thumb Code    62  strlen.o(.text)
    __aeabi_memcpy4                          0x080005e3   Thumb Code     0  rt_memcpy_w.o(.text)
    __aeabi_memcpy8                          0x080005e3   Thumb Code     0  rt_memcpy_w.o(.text)
    __rt_memcpy_w                            0x080005e3   Thumb Code   100  rt_memcpy_w.o(.text)
    _memcpy_lastbytes_aligned                0x0800062b   Thumb Code     0  rt_memcpy_w.o(.text)
    __aeabi_memclr4                          0x08000647   Thumb Code     0  rt_memclr_w.o(.text)
    __aeabi_memclr8                          0x08000647   Thumb Code     0  rt_memclr_w.o(.text)
    __rt_memclr_w                            0x08000647   Thumb Code    78  rt_memclr_w.o(.text)
    _memset_w                                0x0800064b   Thumb Code     0  rt_memclr_w.o(.text)
    __use_two_region_memory                  0x08000695   Thumb Code     2  heapauxi.o(.text)
    __rt_heap_escrow                         0x08000697   Thumb Code     2  heapauxi.o(.text)
    __rt_heap_expand                         0x08000699   Thumb Code     2  heapauxi.o(.text)
    _printf_truncate_signed                  0x0800069b   Thumb Code    18  _printf_truncate.o(.text)
    _printf_truncate_unsigned                0x080006ad   Thumb Code    18  _printf_truncate.o(.text)
    _printf_str                              0x080006bf   Thumb Code    82  _printf_str.o(.text)
    _printf_int_common                       0x08000711   Thumb Code   178  _printf_intcommon.o(.text)
    _printf_charcount                        0x080007c3   Thumb Code    40  _printf_charcount.o(.text)
    _printf_char_common                      0x080007f7   Thumb Code    32  _printf_char_common.o(.text)
    _sputc                                   0x0800081d   Thumb Code    10  _sputc.o(.text)
    _printf_char_file                        0x08000829   Thumb Code    32  _printf_char_file.o(.text)
    _printf_wctomb                           0x0800084d   Thumb Code   182  _printf_wctomb.o(.text)
    _printf_longlong_dec                     0x08000909   Thumb Code   108  _printf_longlong_dec.o(.text)
    _printf_longlong_oct                     0x08000985   Thumb Code    66  _printf_oct_int_ll.o(.text)
    _printf_int_oct                          0x080009c7   Thumb Code    24  _printf_oct_int_ll.o(.text)
    _printf_ll_oct                           0x080009df   Thumb Code    12  _printf_oct_int_ll.o(.text)
    _ll_udiv10                               0x080009f5   Thumb Code   138  lludiv10.o(.text)
    __lib_sel_fp_printf                      0x08000a7f   Thumb Code     2  _printf_fp_dec.o(.text)
    _printf_fp_dec_real                      0x08000c31   Thumb Code   620  _printf_fp_dec.o(.text)
    _printf_fp_hex_real                      0x08000e9d   Thumb Code   756  _printf_fp_hex.o(.text)
    _printf_cs_common                        0x08001199   Thumb Code    20  _printf_char.o(.text)
    _printf_char                             0x080011ad   Thumb Code    16  _printf_char.o(.text)
    _printf_string                           0x080011bd   Thumb Code     8  _printf_char.o(.text)
    _printf_lcs_common                       0x080011c5   Thumb Code    20  _printf_wchar.o(.text)
    _printf_wchar                            0x080011d9   Thumb Code    16  _printf_wchar.o(.text)
    _printf_wstring                          0x080011e9   Thumb Code     8  _printf_wchar.o(.text)
    ferror                                   0x080011f1   Thumb Code     8  ferror.o(.text)
    _initio                                  0x080011f9   Thumb Code   210  initio.o(.text)
    _terminateio                             0x080012cb   Thumb Code    56  initio.o(.text)
    _wcrtomb                                 0x08001331   Thumb Code    64  _wcrtomb.o(.text)
    _sys_open                                0x08001371   Thumb Code    20  sys_io.o(.text)
    _sys_close                               0x08001385   Thumb Code    12  sys_io.o(.text)
    _sys_write                               0x08001391   Thumb Code    16  sys_io.o(.text)
    _sys_read                                0x080013a1   Thumb Code    14  sys_io.o(.text)
    _sys_istty                               0x080013af   Thumb Code    12  sys_io.o(.text)
    _sys_seek                                0x080013bb   Thumb Code    14  sys_io.o(.text)
    _sys_ensure                              0x080013c9   Thumb Code     2  sys_io.o(.text)
    _sys_flen                                0x080013cb   Thumb Code    12  sys_io.o(.text)
    __user_setup_stackheap                   0x080013d7   Thumb Code    74  sys_stackheap_outer.o(.text)
    __rt_ctype_table                         0x08001421   Thumb Code    16  rt_ctype_table.o(.text)
    __rt_locale                              0x08001431   Thumb Code     8  rt_locale_intlibspace.o(.text)
    free                                     0x08001439   Thumb Code    78  h1_free.o(.text)
    _printf_fp_infnan                        0x08001489   Thumb Code   112  _printf_fp_infnan.o(.text)
    _btod_etento                             0x08001509   Thumb Code   224  bigflt0.o(.text)
    __flsbuf                                 0x080015ed   Thumb Code   470  flsbuf.o(.text)
    __flsbuf_byte                            0x080015ed   Thumb Code     0  flsbuf.o(.text)
    __flsbuf_wide                            0x080015ed   Thumb Code     0  flsbuf.o(.text)
    setvbuf                                  0x080017c3   Thumb Code    70  setvbuf.o(.text)
    freopen                                  0x08001809   Thumb Code   158  fopen.o(.text)
    fopen                                    0x080018a7   Thumb Code    74  fopen.o(.text)
    _fclose_internal                         0x080018f5   Thumb Code    76  fclose.o(.text)
    fclose                                   0x080018f5   Thumb Code     0  fclose.o(.text)
    exit                                     0x08001941   Thumb Code    18  exit.o(.text)
    __rt_SIGRTRED                            0x08001953   Thumb Code    14  defsig_rtred_outer.o(.text)
    __user_libspace                          0x08001961   Thumb Code     8  libspace.o(.text)
    __user_perproc_libspace                  0x08001961   Thumb Code     0  libspace.o(.text)
    __user_perthread_libspace                0x08001961   Thumb Code     0  libspace.o(.text)
    __I$use$semihosting                      0x08001969   Thumb Code     0  use_no_semi.o(.text)
    __use_no_semihosting_swi                 0x08001969   Thumb Code     2  use_no_semi.o(.text)
    __semihosting_library_function           0x0800196b   Thumb Code     0  indicate_semi.o(.text)
    __rt_heap_descriptor                     0x0800196d   Thumb Code     8  rt_heap_descriptor_intlibspace.o(.text)
    __use_no_heap                            0x08001975   Thumb Code     2  hguard.o(.text)
    __heap$guard                             0x08001977   Thumb Code     2  hguard.o(.text)
    _terminate_user_alloc                    0x08001979   Thumb Code     2  init_alloc.o(.text)
    _init_user_alloc                         0x0800197b   Thumb Code     2  init_alloc.o(.text)
    __Heap_Full                              0x0800197d   Thumb Code    34  init_alloc.o(.text)
    __Heap_Broken                            0x0800199f   Thumb Code     6  init_alloc.o(.text)
    _init_alloc                              0x080019a5   Thumb Code    94  init_alloc.o(.text)
    malloc                                   0x08001a03   Thumb Code    94  h1_alloc.o(.text)
    _fseek                                   0x08001a61   Thumb Code   242  fseek.o(.text)
    fseek                                    0x08001a61   Thumb Code     0  fseek.o(.text)
    _seterr                                  0x08001b59   Thumb Code    20  stdio.o(.text)
    _writebuf                                0x08001b6d   Thumb Code    84  stdio.o(.text)
    _fflush                                  0x08001bc1   Thumb Code    70  stdio.o(.text)
    _deferredlazyseek                        0x08001c07   Thumb Code    60  stdio.o(.text)
    __sig_exit                               0x08001c49   Thumb Code    10  defsig_exit.o(.text)
    __rt_SIGRTRED_inner                      0x08001c55   Thumb Code    14  defsig_rtred_inner.o(.text)
    strcmp                                   0x08001c89   Thumb Code   128  strcmpv7m.o(.text)
    _sys_exit                                0x08001d09   Thumb Code     8  sys_exit.o(.text)
    __Heap_Initialize                        0x08001d15   Thumb Code    10  h1_init.o(.text)
    __Heap_DescSize                          0x08001d1f   Thumb Code     4  h1_init.o(.text)
    __Heap_ProvideMemory                     0x08001d23   Thumb Code    52  h1_extend.o(.text)
    _ftell_internal                          0x08001d57   Thumb Code    66  ftell.o(.text)
    ftell                                    0x08001d57   Thumb Code     0  ftell.o(.text)
    __default_signal_display                 0x08001d99   Thumb Code    50  defsig_general.o(.text)
    __rt_SIGRTMEM                            0x08001dcb   Thumb Code    14  defsig_rtmem_outer.o(.text)
    _ttywrch                                 0x08001dd9   Thumb Code    14  sys_wrch.o(.text)
    __aeabi_errno_addr                       0x08001de9   Thumb Code     8  rt_errno_addr_intlibspace.o(.text)
    __errno$intlibspace                      0x08001de9   Thumb Code     0  rt_errno_addr_intlibspace.o(.text)
    __rt_errno_addr$intlibspace              0x08001de9   Thumb Code     0  rt_errno_addr_intlibspace.o(.text)
    __rt_SIGRTMEM_inner                      0x08001df1   Thumb Code    22  defsig_rtmem_inner.o(.text)
    _btod_d2e                                0x08001e41   Thumb Code    62  btod.o(CL$$btod_d2e)
    _d2e_denorm_low                          0x08001e7f   Thumb Code    70  btod.o(CL$$btod_d2e_denorm_low)
    _d2e_norm_op1                            0x08001ec5   Thumb Code    96  btod.o(CL$$btod_d2e_norm_op1)
    __btod_div_common                        0x08001f25   Thumb Code   696  btod.o(CL$$btod_div_common)
    _e2e                                     0x0800225d   Thumb Code   220  btod.o(CL$$btod_e2e)
    _btod_ediv                               0x08002339   Thumb Code    42  btod.o(CL$$btod_ediv)
    _btod_emul                               0x08002363   Thumb Code    42  btod.o(CL$$btod_emul)
    __btod_mult_common                       0x0800238d   Thumb Code   580  btod.o(CL$$btod_mult_common)
    BusFault_Handler                         0x080025d1   Thumb Code     2  stm32f1xx_it.o(i.BusFault_Handler)
    DebugMon_Handler                         0x080025d3   Thumb Code     2  stm32f1xx_it.o(i.DebugMon_Handler)
    HAL_Delay                                0x080025d5   Thumb Code    32  stm32f1xx_hal.o(i.HAL_Delay)
    HAL_GPIO_Init                            0x080025f9   Thumb Code   446  stm32f1xx_hal_gpio.o(i.HAL_GPIO_Init)
    HAL_GPIO_WritePin                        0x080027d9   Thumb Code    10  stm32f1xx_hal_gpio.o(i.HAL_GPIO_WritePin)
    HAL_GetTick                              0x080027e5   Thumb Code     6  stm32f1xx_hal.o(i.HAL_GetTick)
    HAL_I2C_GetError                         0x080027f1   Thumb Code     4  stm32f1xx_hal_i2c.o(i.HAL_I2C_GetError)
    HAL_I2C_GetState                         0x080027f5   Thumb Code     6  stm32f1xx_hal_i2c.o(i.HAL_I2C_GetState)
    HAL_I2C_Init                             0x080027fd   Thumb Code   376  stm32f1xx_hal_i2c.o(i.HAL_I2C_Init)
    HAL_I2C_IsDeviceReady                    0x08002985   Thumb Code   354  stm32f1xx_hal_i2c.o(i.HAL_I2C_IsDeviceReady)
    HAL_I2C_Master_Receive                   0x08002af1   Thumb Code   564  stm32f1xx_hal_i2c.o(i.HAL_I2C_Master_Receive)
    HAL_I2C_Master_Transmit                  0x08002d35   Thumb Code   290  stm32f1xx_hal_i2c.o(i.HAL_I2C_Master_Transmit)
    HAL_I2C_MspInit                          0x08002e61   Thumb Code   134  stm32f1xx_hal_msp.o(i.HAL_I2C_MspInit)
    HAL_IncTick                              0x08002ef9   Thumb Code    12  stm32f1xx_hal.o(i.HAL_IncTick)
    HAL_Init                                 0x08002f09   Thumb Code    32  stm32f1xx_hal.o(i.HAL_Init)
    HAL_InitTick                             0x08002f2d   Thumb Code    54  stm32f1xx_hal.o(i.HAL_InitTick)
    HAL_MspInit                              0x08002f6d   Thumb Code    38  stm32f1xx_hal_msp.o(i.HAL_MspInit)
    HAL_NVIC_SetPriority                     0x08002f99   Thumb Code    60  stm32f1xx_hal_cortex.o(i.HAL_NVIC_SetPriority)
    HAL_NVIC_SetPriorityGrouping             0x08002fd9   Thumb Code    26  stm32f1xx_hal_cortex.o(i.HAL_NVIC_SetPriorityGrouping)
    HAL_RCC_ClockConfig                      0x08002ffd   Thumb Code   280  stm32f1xx_hal_rcc.o(i.HAL_RCC_ClockConfig)
    HAL_RCC_GetPCLK1Freq                     0x08003129   Thumb Code    20  stm32f1xx_hal_rcc.o(i.HAL_RCC_GetPCLK1Freq)
    HAL_RCC_GetSysClockFreq                  0x08003149   Thumb Code    74  stm32f1xx_hal_rcc.o(i.HAL_RCC_GetSysClockFreq)
    HAL_RCC_OscConfig                        0x080031b5   Thumb Code   778  stm32f1xx_hal_rcc.o(i.HAL_RCC_OscConfig)
    HAL_SYSTICK_Config                       0x080034d5   Thumb Code    40  stm32f1xx_hal_cortex.o(i.HAL_SYSTICK_Config)
    HardFault_Handler                        0x080034fd   Thumb Code     2  stm32f1xx_it.o(i.HardFault_Handler)
    MemManage_Handler                        0x080038b1   Thumb Code     2  stm32f1xx_it.o(i.MemManage_Handler)
    NMI_Handler                              0x080038b3   Thumb Code     2  stm32f1xx_it.o(i.NMI_Handler)
    PendSV_Handler                           0x080038b5   Thumb Code     2  stm32f1xx_it.o(i.PendSV_Handler)
    SVC_Handler                              0x080038b7   Thumb Code     2  stm32f1xx_it.o(i.SVC_Handler)
    SysTick_Handler                          0x080038b9   Thumb Code     4  stm32f1xx_it.o(i.SysTick_Handler)
    SystemClock_Config                       0x080038bd   Thumb Code    80  main.o(i.SystemClock_Config)
    SystemInit                               0x0800390d   Thumb Code     2  system_stm32f1xx.o(i.SystemInit)
    UsageFault_Handler                       0x0800390f   Thumb Code     2  stm32f1xx_it.o(i.UsageFault_Handler)
    __ARM_fpclassify                         0x08003911   Thumb Code    40  fpclassify.o(i.__ARM_fpclassify)
    _is_digit                                0x08003959   Thumb Code    14  __printf_wp.o(i._is_digit)
    bno055_getVector                         0x08003969   Thumb Code   250  bno055.o(i.bno055_getVector)
    bno055_getVectorEuler                    0x08003a6d   Thumb Code     6  bno055.o(i.bno055_getVectorEuler)
    bno055_readData                          0x08003a75   Thumb Code    40  bno055.o(i.bno055_readData)
    bno055_reset                             0x08003aa1   Thumb Code    22  bno055.o(i.bno055_reset)
    bno055_setOperationMode                  0x08003ab7   Thumb Code    28  bno055.o(i.bno055_setOperationMode)
    bno055_setOperationModeNDOF              0x08003ad3   Thumb Code     6  bno055.o(i.bno055_setOperationModeNDOF)
    bno055_setPage                           0x08003ad9   Thumb Code     8  bno055.o(i.bno055_setPage)
    bno055_setup                             0x08003ae1   Thumb Code    62  bno055.o(i.bno055_setup)
    bno055_writeData                         0x08003b5d   Thumb Code   218  bno055.o(i.bno055_writeData)
    fputc                                    0x08003e49   Thumb Code    26  fputc.o(i.fputc)
    lcd16x2_i2c_clear                        0x08003e63   Thumb Code    18  lcd16x2_i2c.o(i.lcd16x2_i2c_clear)
    lcd16x2_i2c_init                         0x08003e75   Thumb Code   178  lcd16x2_i2c.o(i.lcd16x2_i2c_init)
    lcd16x2_i2c_printf                       0x08003f2d   Thumb Code   106  lcd16x2_i2c.o(i.lcd16x2_i2c_printf)
    lcd16x2_i2c_setCursor                    0x08003fdd   Thumb Code    22  lcd16x2_i2c.o(i.lcd16x2_i2c_setCursor)
    main                                     0x08003ff5   Thumb Code   280  main.o(i.main)
    _get_lc_numeric                          0x08004151   Thumb Code    44  lc_numeric_c.o(locale$$code)
    _get_lc_ctype                            0x0800417d   Thumb Code    44  lc_ctype_c.o(locale$$code)
    __aeabi_ddiv                             0x080041a9   Thumb Code     0  ddiv.o(x$fpl$ddiv)
    _ddiv                                    0x080041a9   Thumb Code   552  ddiv.o(x$fpl$ddiv)
    __aeabi_i2d                              0x08004459   Thumb Code     0  dflt_clz.o(x$fpl$dflt)
    _dflt                                    0x08004459   Thumb Code    46  dflt_clz.o(x$fpl$dflt)
    __aeabi_ui2d                             0x08004487   Thumb Code     0  dflt_clz.o(x$fpl$dfltu)
    _dfltu                                   0x08004487   Thumb Code    38  dflt_clz.o(x$fpl$dfltu)
    __fpl_dnaninf                            0x080044ad   Thumb Code   156  dnaninf.o(x$fpl$dnaninf)
    __fpl_dretinf                            0x08004549   Thumb Code    12  dretinf.o(x$fpl$dretinf)
    _printf_fp_dec                           0x08004555   Thumb Code     4  printf1.o(x$fpl$printf1)
    _printf_fp_hex                           0x08004559   Thumb Code     4  printf2.o(x$fpl$printf2)
    AHBPrescTable                            0x0800455c   Data          16  system_stm32f1xx.o(.constdata)
    __I$use$fp                               0x0800455c   Number         0  usenofp.o(x$fpl$usenofp)
    APBPrescTable                            0x0800456c   Data           8  system_stm32f1xx.o(.constdata)
    __stdin_name                             0x080045de   Data           4  sys_io.o(.constdata)
    __stdout_name                            0x080045e2   Data           4  sys_io.o(.constdata)
    __stderr_name                            0x080045e6   Data           4  sys_io.o(.constdata)
    Region$$Table$$Base                      0x08004680   Number         0  anon$$obj.o(Region$$Table)
    Region$$Table$$Limit                     0x080046a0   Number         0  anon$$obj.o(Region$$Table)
    __ctype                                  0x080046c9   Data           0  lc_ctype_c.o(locale$$data)
    accelScale                               0x20000000   Data           2  bno055.o(.data)
    angularRateScale                         0x20000002   Data           2  bno055.o(.data)
    eulerScale                               0x20000004   Data           2  bno055.o(.data)
    magScale                                 0x20000006   Data           2  bno055.o(.data)
    quaScale                                 0x20000008   Data           2  bno055.o(.data)
    uwTickFreq                               0x20000014   Data           1  stm32f1xx_hal.o(.data)
    uwTickPrio                               0x20000018   Data           4  stm32f1xx_hal.o(.data)
    uwTick                                   0x2000001c   Data           4  stm32f1xx_hal.o(.data)
    SystemCoreClock                          0x20000020   Data           4  system_stm32f1xx.o(.data)
    __aeabi_stdin                            0x20000024   Data           4  stdio_streams.o(.data)
    __aeabi_stdout                           0x20000028   Data           4  stdio_streams.o(.data)
    __aeabi_stderr                           0x2000002c   Data           4  stdio_streams.o(.data)
    hi2c1                                    0x20000030   Data          84  main.o(.bss)
    hi2c2                                    0x20000084   Data          84  main.o(.bss)
    vec                                      0x200000d8   Data          32  main.o(.bss)
    __stdin                                  0x200000f8   Data          84  stdio_streams.o(.bss)
    __stdout                                 0x2000014c   Data          84  stdio_streams.o(.bss)
    __stderr                                 0x200001a0   Data          84  stdio_streams.o(.bss)
    __libspace_start                         0x200001f4   Data          96  libspace.o(.bss)
    __temporary_stack_top$libspace           0x20000254   Data           0  libspace.o(.bss)



==============================================================================

Memory Map of the image

  Image Entry point : 0x080000ed

  Load Region LR_IROM1 (Base: 0x08000000, Size: 0x000047fc, Max: 0x00010000, ABSOLUTE)

    Execution Region ER_IROM1 (Exec base: 0x08000000, Load base: 0x08000000, Size: 0x000047cc, Max: 0x00010000, ABSOLUTE)

    Exec Addr    Load Addr    Size         Type   Attr      Idx    E Section Name        Object

    0x08000000   0x08000000   0x000000ec   Data   RO            3    RESET               startup_stm32f103xb.o
    0x080000ec   0x080000ec   0x00000008   Code   RO         2158  * !!!main             c_w.l(__main.o)
    0x080000f4   0x080000f4   0x00000034   Code   RO         2624    !!!scatter          c_w.l(__scatter.o)
    0x08000128   0x08000128   0x0000001a   Code   RO         2626    !!handler_copy      c_w.l(__scatter_copy.o)
    0x08000142   0x08000142   0x00000002   PAD
    0x08000144   0x08000144   0x0000001c   Code   RO         2628    !!handler_zi        c_w.l(__scatter_zi.o)
    0x08000160   0x08000160   0x00000000   Code   RO         2147    .ARM.Collect$$_printf_percent$$00000000  c_w.l(_printf_percent.o)
    0x08000160   0x08000160   0x00000006   Code   RO         2198    .ARM.Collect$$_printf_percent$$00000001  c_w.l(_printf_n.o)
    0x08000166   0x08000166   0x00000006   Code   RO         2199    .ARM.Collect$$_printf_percent$$00000002  c_w.l(_printf_p.o)
    0x0800016c   0x0800016c   0x00000006   Code   RO         2203    .ARM.Collect$$_printf_percent$$00000003  c_w.l(_printf_f.o)
    0x08000172   0x08000172   0x00000006   Code   RO         2204    .ARM.Collect$$_printf_percent$$00000004  c_w.l(_printf_e.o)
    0x08000178   0x08000178   0x00000006   Code   RO         2205    .ARM.Collect$$_printf_percent$$00000005  c_w.l(_printf_g.o)
    0x0800017e   0x0800017e   0x00000006   Code   RO         2206    .ARM.Collect$$_printf_percent$$00000006  c_w.l(_printf_a.o)
    0x08000184   0x08000184   0x0000000a   Code   RO         2211    .ARM.Collect$$_printf_percent$$00000007  c_w.l(_printf_ll.o)
    0x0800018e   0x0800018e   0x00000006   Code   RO         2201    .ARM.Collect$$_printf_percent$$00000008  c_w.l(_printf_i.o)
    0x08000194   0x08000194   0x00000006   Code   RO         2146    .ARM.Collect$$_printf_percent$$00000009  c_w.l(_printf_d.o)
    0x0800019a   0x0800019a   0x00000006   Code   RO         2202    .ARM.Collect$$_printf_percent$$0000000A  c_w.l(_printf_u.o)
    0x080001a0   0x080001a0   0x00000006   Code   RO         2200    .ARM.Collect$$_printf_percent$$0000000B  c_w.l(_printf_o.o)
    0x080001a6   0x080001a6   0x00000006   Code   RO         2145    .ARM.Collect$$_printf_percent$$0000000C  c_w.l(_printf_x.o)
    0x080001ac   0x080001ac   0x00000006   Code   RO         2208    .ARM.Collect$$_printf_percent$$0000000D  c_w.l(_printf_lli.o)
    0x080001b2   0x080001b2   0x00000006   Code   RO         2209    .ARM.Collect$$_printf_percent$$0000000E  c_w.l(_printf_lld.o)
    0x080001b8   0x080001b8   0x00000006   Code   RO         2210    .ARM.Collect$$_printf_percent$$0000000F  c_w.l(_printf_llu.o)
    0x080001be   0x080001be   0x00000006   Code   RO         2215    .ARM.Collect$$_printf_percent$$00000010  c_w.l(_printf_llo.o)
    0x080001c4   0x080001c4   0x00000006   Code   RO         2216    .ARM.Collect$$_printf_percent$$00000011  c_w.l(_printf_llx.o)
    0x080001ca   0x080001ca   0x0000000a   Code   RO         2212    .ARM.Collect$$_printf_percent$$00000012  c_w.l(_printf_l.o)
    0x080001d4   0x080001d4   0x00000006   Code   RO         2196    .ARM.Collect$$_printf_percent$$00000013  c_w.l(_printf_c.o)
    0x080001da   0x080001da   0x00000006   Code   RO         2197    .ARM.Collect$$_printf_percent$$00000014  c_w.l(_printf_s.o)
    0x080001e0   0x080001e0   0x00000006   Code   RO         2213    .ARM.Collect$$_printf_percent$$00000015  c_w.l(_printf_lc.o)
    0x080001e6   0x080001e6   0x00000006   Code   RO         2214    .ARM.Collect$$_printf_percent$$00000016  c_w.l(_printf_ls.o)
    0x080001ec   0x080001ec   0x00000004   Code   RO         2207    .ARM.Collect$$_printf_percent$$00000017  c_w.l(_printf_percent_end.o)
    0x080001f0   0x080001f0   0x00000002   Code   RO         2406    .ARM.Collect$$libinit$$00000000  c_w.l(libinit.o)
    0x080001f2   0x080001f2   0x00000000   Code   RO         2408    .ARM.Collect$$libinit$$00000002  c_w.l(libinit2.o)
    0x080001f2   0x080001f2   0x00000000   Code   RO         2410    .ARM.Collect$$libinit$$00000004  c_w.l(libinit2.o)
    0x080001f2   0x080001f2   0x00000008   Code   RO         2411    .ARM.Collect$$libinit$$00000005  c_w.l(libinit2.o)
    0x080001fa   0x080001fa   0x00000000   Code   RO         2413    .ARM.Collect$$libinit$$0000000A  c_w.l(libinit2.o)
    0x080001fa   0x080001fa   0x00000000   Code   RO         2415    .ARM.Collect$$libinit$$0000000C  c_w.l(libinit2.o)
    0x080001fa   0x080001fa   0x00000000   Code   RO         2417    .ARM.Collect$$libinit$$0000000E  c_w.l(libinit2.o)
    0x080001fa   0x080001fa   0x00000006   Code   RO         2418    .ARM.Collect$$libinit$$0000000F  c_w.l(libinit2.o)
    0x08000200   0x08000200   0x00000000   Code   RO         2420    .ARM.Collect$$libinit$$00000011  c_w.l(libinit2.o)
    0x08000200   0x08000200   0x0000000c   Code   RO         2421    .ARM.Collect$$libinit$$00000012  c_w.l(libinit2.o)
    0x0800020c   0x0800020c   0x00000000   Code   RO         2422    .ARM.Collect$$libinit$$00000013  c_w.l(libinit2.o)
    0x0800020c   0x0800020c   0x00000000   Code   RO         2424    .ARM.Collect$$libinit$$00000015  c_w.l(libinit2.o)
    0x0800020c   0x0800020c   0x0000000a   Code   RO         2425    .ARM.Collect$$libinit$$00000016  c_w.l(libinit2.o)
    0x08000216   0x08000216   0x00000000   Code   RO         2426    .ARM.Collect$$libinit$$00000017  c_w.l(libinit2.o)
    0x08000216   0x08000216   0x00000000   Code   RO         2428    .ARM.Collect$$libinit$$00000019  c_w.l(libinit2.o)
    0x08000216   0x08000216   0x00000000   Code   RO         2430    .ARM.Collect$$libinit$$0000001B  c_w.l(libinit2.o)
    0x08000216   0x08000216   0x00000000   Code   RO         2432    .ARM.Collect$$libinit$$0000001D  c_w.l(libinit2.o)
    0x08000216   0x08000216   0x00000000   Code   RO         2434    .ARM.Collect$$libinit$$0000001F  c_w.l(libinit2.o)
    0x08000216   0x08000216   0x00000000   Code   RO         2436    .ARM.Collect$$libinit$$00000021  c_w.l(libinit2.o)
    0x08000216   0x08000216   0x00000000   Code   RO         2438    .ARM.Collect$$libinit$$00000023  c_w.l(libinit2.o)
    0x08000216   0x08000216   0x00000004   Code   RO         2439    .ARM.Collect$$libinit$$00000024  c_w.l(libinit2.o)
    0x0800021a   0x0800021a   0x00000000   Code   RO         2440    .ARM.Collect$$libinit$$00000025  c_w.l(libinit2.o)
    0x0800021a   0x0800021a   0x00000000   Code   RO         2444    .ARM.Collect$$libinit$$0000002C  c_w.l(libinit2.o)
    0x0800021a   0x0800021a   0x00000000   Code   RO         2446    .ARM.Collect$$libinit$$0000002E  c_w.l(libinit2.o)
    0x0800021a   0x0800021a   0x00000000   Code   RO         2448    .ARM.Collect$$libinit$$00000030  c_w.l(libinit2.o)
    0x0800021a   0x0800021a   0x00000000   Code   RO         2450    .ARM.Collect$$libinit$$00000032  c_w.l(libinit2.o)
    0x0800021a   0x0800021a   0x00000002   Code   RO         2451    .ARM.Collect$$libinit$$00000033  c_w.l(libinit2.o)
    0x0800021c   0x0800021c   0x00000002   Code   RO         2603    .ARM.Collect$$libshutdown$$00000000  c_w.l(libshutdown.o)
    0x0800021e   0x0800021e   0x00000000   Code   RO         2453    .ARM.Collect$$libshutdown$$00000002  c_w.l(libshutdown2.o)
    0x0800021e   0x0800021e   0x00000000   Code   RO         2455    .ARM.Collect$$libshutdown$$00000004  c_w.l(libshutdown2.o)
    0x0800021e   0x0800021e   0x00000004   Code   RO         2456    .ARM.Collect$$libshutdown$$00000005  c_w.l(libshutdown2.o)
    0x08000222   0x08000222   0x00000000   Code   RO         2457    .ARM.Collect$$libshutdown$$00000006  c_w.l(libshutdown2.o)
    0x08000222   0x08000222   0x00000000   Code   RO         2460    .ARM.Collect$$libshutdown$$00000009  c_w.l(libshutdown2.o)
    0x08000222   0x08000222   0x00000000   Code   RO         2463    .ARM.Collect$$libshutdown$$0000000C  c_w.l(libshutdown2.o)
    0x08000222   0x08000222   0x00000000   Code   RO         2465    .ARM.Collect$$libshutdown$$0000000E  c_w.l(libshutdown2.o)
    0x08000222   0x08000222   0x00000000   Code   RO         2468    .ARM.Collect$$libshutdown$$00000011  c_w.l(libshutdown2.o)
    0x08000222   0x08000222   0x00000002   Code   RO         2469    .ARM.Collect$$libshutdown$$00000012  c_w.l(libshutdown2.o)
    0x08000224   0x08000224   0x00000000   Code   RO         2170    .ARM.Collect$$rtentry$$00000000  c_w.l(__rtentry.o)
    0x08000224   0x08000224   0x00000000   Code   RO         2237    .ARM.Collect$$rtentry$$00000002  c_w.l(__rtentry2.o)
    0x08000224   0x08000224   0x00000006   Code   RO         2249    .ARM.Collect$$rtentry$$00000004  c_w.l(__rtentry4.o)
    0x0800022a   0x0800022a   0x00000000   Code   RO         2239    .ARM.Collect$$rtentry$$00000009  c_w.l(__rtentry2.o)
    0x0800022a   0x0800022a   0x00000004   Code   RO         2240    .ARM.Collect$$rtentry$$0000000A  c_w.l(__rtentry2.o)
    0x0800022e   0x0800022e   0x00000000   Code   RO         2242    .ARM.Collect$$rtentry$$0000000C  c_w.l(__rtentry2.o)
    0x0800022e   0x0800022e   0x00000008   Code   RO         2243    .ARM.Collect$$rtentry$$0000000D  c_w.l(__rtentry2.o)
    0x08000236   0x08000236   0x00000002   Code   RO         2482    .ARM.Collect$$rtexit$$00000000  c_w.l(rtexit.o)
    0x08000238   0x08000238   0x00000000   Code   RO         2541    .ARM.Collect$$rtexit$$00000002  c_w.l(rtexit2.o)
    0x08000238   0x08000238   0x00000004   Code   RO         2542    .ARM.Collect$$rtexit$$00000003  c_w.l(rtexit2.o)
    0x0800023c   0x0800023c   0x00000006   Code   RO         2543    .ARM.Collect$$rtexit$$00000004  c_w.l(rtexit2.o)
    0x08000242   0x08000242   0x00000002   PAD
    0x08000244   0x08000244   0x00000000   Code   RO         2547    .emb_text           c_w.l(maybetermalloc1.o)
    0x08000244   0x08000244   0x00000040   Code   RO            4    .text               startup_stm32f103xb.o
    0x08000284   0x08000284   0x00000024   Code   RO         2092    .text               c_w.l(vsprintf.o)
    0x080002a8   0x080002a8   0x00000018   Code   RO         2094    .text               c_w.l(__2printf.o)
    0x080002c0   0x080002c0   0x0000004e   Code   RO         2100    .text               c_w.l(_printf_pad.o)
    0x0800030e   0x0800030e   0x00000002   PAD
    0x08000310   0x08000310   0x00000078   Code   RO         2102    .text               c_w.l(_printf_dec.o)
    0x08000388   0x08000388   0x00000094   Code   RO         2122    .text               c_w.l(_printf_hex_int_ll_ptr.o)
    0x0800041c   0x0800041c   0x00000188   Code   RO         2142    .text               c_w.l(__printf_flags_ss_wp.o)
    0x080005a4   0x080005a4   0x0000003e   Code   RO         2148    .text               c_w.l(strlen.o)
    0x080005e2   0x080005e2   0x00000064   Code   RO         2152    .text               c_w.l(rt_memcpy_w.o)
    0x08000646   0x08000646   0x0000004e   Code   RO         2154    .text               c_w.l(rt_memclr_w.o)
    0x08000694   0x08000694   0x00000006   Code   RO         2156    .text               c_w.l(heapauxi.o)
    0x0800069a   0x0800069a   0x00000024   Code   RO         2171    .text               c_w.l(_printf_truncate.o)
    0x080006be   0x080006be   0x00000052   Code   RO         2173    .text               c_w.l(_printf_str.o)
    0x08000710   0x08000710   0x000000b2   Code   RO         2175    .text               c_w.l(_printf_intcommon.o)
    0x080007c2   0x080007c2   0x00000028   Code   RO         2177    .text               c_w.l(_printf_charcount.o)
    0x080007ea   0x080007ea   0x00000002   PAD
    0x080007ec   0x080007ec   0x00000030   Code   RO         2179    .text               c_w.l(_printf_char_common.o)
    0x0800081c   0x0800081c   0x0000000a   Code   RO         2181    .text               c_w.l(_sputc.o)
    0x08000826   0x08000826   0x00000002   PAD
    0x08000828   0x08000828   0x00000024   Code   RO         2183    .text               c_w.l(_printf_char_file.o)
    0x0800084c   0x0800084c   0x000000bc   Code   RO         2185    .text               c_w.l(_printf_wctomb.o)
    0x08000908   0x08000908   0x0000007c   Code   RO         2188    .text               c_w.l(_printf_longlong_dec.o)
    0x08000984   0x08000984   0x00000070   Code   RO         2194    .text               c_w.l(_printf_oct_int_ll.o)
    0x080009f4   0x080009f4   0x0000008a   Code   RO         2251    .text               c_w.l(lludiv10.o)
    0x08000a7e   0x08000a7e   0x0000041e   Code   RO         2253    .text               c_w.l(_printf_fp_dec.o)
    0x08000e9c   0x08000e9c   0x000002fc   Code   RO         2255    .text               c_w.l(_printf_fp_hex.o)
    0x08001198   0x08001198   0x0000002c   Code   RO         2260    .text               c_w.l(_printf_char.o)
    0x080011c4   0x080011c4   0x0000002c   Code   RO         2262    .text               c_w.l(_printf_wchar.o)
    0x080011f0   0x080011f0   0x00000008   Code   RO         2264    .text               c_w.l(ferror.o)
    0x080011f8   0x080011f8   0x00000138   Code   RO         2270    .text               c_w.l(initio.o)
    0x08001330   0x08001330   0x00000040   Code   RO         2278    .text               c_w.l(_wcrtomb.o)
    0x08001370   0x08001370   0x00000066   Code   RO         2280    .text               c_w.l(sys_io.o)
    0x080013d6   0x080013d6   0x0000004a   Code   RO         2287    .text               c_w.l(sys_stackheap_outer.o)
    0x08001420   0x08001420   0x00000010   Code   RO         2289    .text               c_w.l(rt_ctype_table.o)
    0x08001430   0x08001430   0x00000008   Code   RO         2294    .text               c_w.l(rt_locale_intlibspace.o)
    0x08001438   0x08001438   0x0000004e   Code   RO         2298    .text               c_w.l(h1_free.o)
    0x08001486   0x08001486   0x00000002   PAD
    0x08001488   0x08001488   0x00000080   Code   RO         2352    .text               c_w.l(_printf_fp_infnan.o)
    0x08001508   0x08001508   0x000000e4   Code   RO         2354    .text               c_w.l(bigflt0.o)
    0x080015ec   0x080015ec   0x000001d6   Code   RO         2379    .text               c_w.l(flsbuf.o)
    0x080017c2   0x080017c2   0x00000046   Code   RO         2381    .text               c_w.l(setvbuf.o)
    0x08001808   0x08001808   0x000000ec   Code   RO         2384    .text               c_w.l(fopen.o)
    0x080018f4   0x080018f4   0x0000004c   Code   RO         2386    .text               c_w.l(fclose.o)
    0x08001940   0x08001940   0x00000012   Code   RO         2395    .text               c_w.l(exit.o)
    0x08001952   0x08001952   0x0000000e   Code   RO         2397    .text               c_w.l(defsig_rtred_outer.o)
    0x08001960   0x08001960   0x00000008   Code   RO         2476    .text               c_w.l(libspace.o)
    0x08001968   0x08001968   0x00000002   Code   RO         2479    .text               c_w.l(use_no_semi.o)
    0x0800196a   0x0800196a   0x00000000   Code   RO         2481    .text               c_w.l(indicate_semi.o)
    0x0800196a   0x0800196a   0x00000002   PAD
    0x0800196c   0x0800196c   0x00000008   Code   RO         2489    .text               c_w.l(rt_heap_descriptor_intlibspace.o)
    0x08001974   0x08001974   0x00000004   Code   RO         2491    .text               c_w.l(hguard.o)
    0x08001978   0x08001978   0x0000008a   Code   RO         2493    .text               c_w.l(init_alloc.o)
    0x08001a02   0x08001a02   0x0000005e   Code   RO         2499    .text               c_w.l(h1_alloc.o)
    0x08001a60   0x08001a60   0x000000f8   Code   RO         2515    .text               c_w.l(fseek.o)
    0x08001b58   0x08001b58   0x000000f0   Code   RO         2517    .text               c_w.l(stdio.o)
    0x08001c48   0x08001c48   0x0000000a   Code   RO         2526    .text               c_w.l(defsig_exit.o)
    0x08001c52   0x08001c52   0x00000002   PAD
    0x08001c54   0x08001c54   0x00000034   Code   RO         2528    .text               c_w.l(defsig_rtred_inner.o)
    0x08001c88   0x08001c88   0x00000080   Code   RO         2532    .text               c_w.l(strcmpv7m.o)
    0x08001d08   0x08001d08   0x0000000c   Code   RO         2538    .text               c_w.l(sys_exit.o)
    0x08001d14   0x08001d14   0x0000000e   Code   RO         2549    .text               c_w.l(h1_init.o)
    0x08001d22   0x08001d22   0x00000034   Code   RO         2551    .text               c_w.l(h1_extend.o)
    0x08001d56   0x08001d56   0x00000042   Code   RO         2561    .text               c_w.l(ftell.o)
    0x08001d98   0x08001d98   0x00000032   Code   RO         2569    .text               c_w.l(defsig_general.o)
    0x08001dca   0x08001dca   0x0000000e   Code   RO         2571    .text               c_w.l(defsig_rtmem_outer.o)
    0x08001dd8   0x08001dd8   0x0000000e   Code   RO         2584    .text               c_w.l(sys_wrch.o)
    0x08001de6   0x08001de6   0x00000002   PAD
    0x08001de8   0x08001de8   0x00000008   Code   RO         2591    .text               c_w.l(rt_errno_addr_intlibspace.o)
    0x08001df0   0x08001df0   0x00000050   Code   RO         2597    .text               c_w.l(defsig_rtmem_inner.o)
    0x08001e40   0x08001e40   0x0000003e   Code   RO         2357    CL$$btod_d2e        c_w.l(btod.o)
    0x08001e7e   0x08001e7e   0x00000046   Code   RO         2359    CL$$btod_d2e_denorm_low  c_w.l(btod.o)
    0x08001ec4   0x08001ec4   0x00000060   Code   RO         2358    CL$$btod_d2e_norm_op1  c_w.l(btod.o)
    0x08001f24   0x08001f24   0x00000338   Code   RO         2367    CL$$btod_div_common  c_w.l(btod.o)
    0x0800225c   0x0800225c   0x000000dc   Code   RO         2364    CL$$btod_e2e        c_w.l(btod.o)
    0x08002338   0x08002338   0x0000002a   Code   RO         2361    CL$$btod_ediv       c_w.l(btod.o)
    0x08002362   0x08002362   0x0000002a   Code   RO         2360    CL$$btod_emul       c_w.l(btod.o)
    0x0800238c   0x0800238c   0x00000244   Code   RO         2366    CL$$btod_mult_common  c_w.l(btod.o)
    0x080025d0   0x080025d0   0x00000002   Code   RO          147    i.BusFault_Handler  stm32f1xx_it.o
    0x080025d2   0x080025d2   0x00000002   Code   RO          148    i.DebugMon_Handler  stm32f1xx_it.o
    0x080025d4   0x080025d4   0x00000024   Code   RO         1049    i.HAL_Delay         stm32f1xx_hal.o
    0x080025f8   0x080025f8   0x000001e0   Code   RO         1357    i.HAL_GPIO_Init     stm32f1xx_hal_gpio.o
    0x080027d8   0x080027d8   0x0000000a   Code   RO         1361    i.HAL_GPIO_WritePin  stm32f1xx_hal_gpio.o
    0x080027e2   0x080027e2   0x00000002   PAD
    0x080027e4   0x080027e4   0x0000000c   Code   RO         1053    i.HAL_GetTick       stm32f1xx_hal.o
    0x080027f0   0x080027f0   0x00000004   Code   RO          618    i.HAL_I2C_GetError  stm32f1xx_hal_i2c.o
    0x080027f4   0x080027f4   0x00000006   Code   RO          620    i.HAL_I2C_GetState  stm32f1xx_hal_i2c.o
    0x080027fa   0x080027fa   0x00000002   PAD
    0x080027fc   0x080027fc   0x00000188   Code   RO          621    i.HAL_I2C_Init      stm32f1xx_hal_i2c.o
    0x08002984   0x08002984   0x0000016c   Code   RO          622    i.HAL_I2C_IsDeviceReady  stm32f1xx_hal_i2c.o
    0x08002af0   0x08002af0   0x00000244   Code   RO          627    i.HAL_I2C_Master_Receive  stm32f1xx_hal_i2c.o
    0x08002d34   0x08002d34   0x0000012c   Code   RO          634    i.HAL_I2C_Master_Transmit  stm32f1xx_hal_i2c.o
    0x08002e60   0x08002e60   0x00000098   Code   RO          223    i.HAL_I2C_MspInit   stm32f1xx_hal_msp.o
    0x08002ef8   0x08002ef8   0x00000010   Code   RO         1059    i.HAL_IncTick       stm32f1xx_hal.o
    0x08002f08   0x08002f08   0x00000024   Code   RO         1060    i.HAL_Init          stm32f1xx_hal.o
    0x08002f2c   0x08002f2c   0x00000040   Code   RO         1061    i.HAL_InitTick      stm32f1xx_hal.o
    0x08002f6c   0x08002f6c   0x0000002c   Code   RO          224    i.HAL_MspInit       stm32f1xx_hal_msp.o
    0x08002f98   0x08002f98   0x00000040   Code   RO         1523    i.HAL_NVIC_SetPriority  stm32f1xx_hal_cortex.o
    0x08002fd8   0x08002fd8   0x00000024   Code   RO         1524    i.HAL_NVIC_SetPriorityGrouping  stm32f1xx_hal_cortex.o
    0x08002ffc   0x08002ffc   0x0000012c   Code   RO         1217    i.HAL_RCC_ClockConfig  stm32f1xx_hal_rcc.o
    0x08003128   0x08003128   0x00000020   Code   RO         1224    i.HAL_RCC_GetPCLK1Freq  stm32f1xx_hal_rcc.o
    0x08003148   0x08003148   0x0000006c   Code   RO         1226    i.HAL_RCC_GetSysClockFreq  stm32f1xx_hal_rcc.o
    0x080031b4   0x080031b4   0x00000320   Code   RO         1229    i.HAL_RCC_OscConfig  stm32f1xx_hal_rcc.o
    0x080034d4   0x080034d4   0x00000028   Code   RO         1528    i.HAL_SYSTICK_Config  stm32f1xx_hal_cortex.o
    0x080034fc   0x080034fc   0x00000002   Code   RO          149    i.HardFault_Handler  stm32f1xx_it.o
    0x080034fe   0x080034fe   0x0000002e   Code   RO          663    i.I2C_IsAcknowledgeFailed  stm32f1xx_hal_i2c.o
    0x0800352c   0x0800352c   0x000000ec   Code   RO          666    i.I2C_MasterRequestRead  stm32f1xx_hal_i2c.o
    0x08003618   0x08003618   0x0000009c   Code   RO          667    i.I2C_MasterRequestWrite  stm32f1xx_hal_i2c.o
    0x080036b4   0x080036b4   0x0000004c   Code   RO          678    i.I2C_WaitOnBTFFlagUntilTimeout  stm32f1xx_hal_i2c.o
    0x08003700   0x08003700   0x00000068   Code   RO          679    i.I2C_WaitOnFlagUntilTimeout  stm32f1xx_hal_i2c.o
    0x08003768   0x08003768   0x00000096   Code   RO          680    i.I2C_WaitOnMasterAddressFlagUntilTimeout  stm32f1xx_hal_i2c.o
    0x080037fe   0x080037fe   0x00000066   Code   RO          681    i.I2C_WaitOnRXNEFlagUntilTimeout  stm32f1xx_hal_i2c.o
    0x08003864   0x08003864   0x0000004c   Code   RO          682    i.I2C_WaitOnTXEFlagUntilTimeout  stm32f1xx_hal_i2c.o
    0x080038b0   0x080038b0   0x00000002   Code   RO          150    i.MemManage_Handler  stm32f1xx_it.o
    0x080038b2   0x080038b2   0x00000002   Code   RO          151    i.NMI_Handler       stm32f1xx_it.o
    0x080038b4   0x080038b4   0x00000002   Code   RO          152    i.PendSV_Handler    stm32f1xx_it.o
    0x080038b6   0x080038b6   0x00000002   Code   RO          153    i.SVC_Handler       stm32f1xx_it.o
    0x080038b8   0x080038b8   0x00000004   Code   RO          154    i.SysTick_Handler   stm32f1xx_it.o
    0x080038bc   0x080038bc   0x00000050   Code   RO           14    i.SystemClock_Config  main.o
    0x0800390c   0x0800390c   0x00000002   Code   RO         2054    i.SystemInit        system_stm32f1xx.o
    0x0800390e   0x0800390e   0x00000002   Code   RO          155    i.UsageFault_Handler  stm32f1xx_it.o
    0x08003910   0x08003910   0x00000028   Code   RO         2474    i.__ARM_fpclassify  m_ws.l(fpclassify.o)
    0x08003938   0x08003938   0x00000020   Code   RO         1530    i.__NVIC_SetPriority  stm32f1xx_hal_cortex.o
    0x08003958   0x08003958   0x0000000e   Code   RO         2135    i._is_digit         c_w.l(__printf_wp.o)
    0x08003966   0x08003966   0x00000002   PAD
    0x08003968   0x08003968   0x00000104   Code   RO          270    i.bno055_getVector  bno055.o
    0x08003a6c   0x08003a6c   0x00000006   Code   RO          272    i.bno055_getVectorEuler  bno055.o
    0x08003a72   0x08003a72   0x00000002   PAD
    0x08003a74   0x08003a74   0x0000002c   Code   RO          278    i.bno055_readData   bno055.o
    0x08003aa0   0x08003aa0   0x00000016   Code   RO          279    i.bno055_reset      bno055.o
    0x08003ab6   0x08003ab6   0x0000001c   Code   RO          283    i.bno055_setOperationMode  bno055.o
    0x08003ad2   0x08003ad2   0x00000006   Code   RO          285    i.bno055_setOperationModeNDOF  bno055.o
    0x08003ad8   0x08003ad8   0x00000008   Code   RO          286    i.bno055_setPage    bno055.o
    0x08003ae0   0x08003ae0   0x0000007c   Code   RO          287    i.bno055_setup      bno055.o
    0x08003b5c   0x08003b5c   0x000002ec   Code   RO          288    i.bno055_writeData  bno055.o
    0x08003e48   0x08003e48   0x0000001a   Code   RO         2267    i.fputc             c_w.l(fputc.o)
    0x08003e62   0x08003e62   0x00000012   Code   RO          471    i.lcd16x2_i2c_clear  lcd16x2_i2c.o
    0x08003e74   0x08003e74   0x000000b8   Code   RO          474    i.lcd16x2_i2c_init  lcd16x2_i2c.o
    0x08003f2c   0x08003f2c   0x00000070   Code   RO          475    i.lcd16x2_i2c_printf  lcd16x2_i2c.o
    0x08003f9c   0x08003f9c   0x00000040   Code   RO          476    i.lcd16x2_i2c_sendCommand  lcd16x2_i2c.o
    0x08003fdc   0x08003fdc   0x00000016   Code   RO          477    i.lcd16x2_i2c_setCursor  lcd16x2_i2c.o
    0x08003ff2   0x08003ff2   0x00000002   PAD
    0x08003ff4   0x08003ff4   0x0000015c   Code   RO           15    i.main              main.o
    0x08004150   0x08004150   0x0000002c   Code   RO         2393    locale$$code        c_w.l(lc_numeric_c.o)
    0x0800417c   0x0800417c   0x0000002c   Code   RO         2524    locale$$code        c_w.l(lc_ctype_c.o)
    0x080041a8   0x080041a8   0x000002b0   Code   RO         2161    x$fpl$ddiv          fz_ws.l(ddiv.o)
    0x08004458   0x08004458   0x0000002e   Code   RO         2165    x$fpl$dflt          fz_ws.l(dflt_clz.o)
    0x08004486   0x08004486   0x00000026   Code   RO         2164    x$fpl$dfltu         fz_ws.l(dflt_clz.o)
    0x080044ac   0x080044ac   0x0000009c   Code   RO         2223    x$fpl$dnaninf       fz_ws.l(dnaninf.o)
    0x08004548   0x08004548   0x0000000c   Code   RO         2225    x$fpl$dretinf       fz_ws.l(dretinf.o)
    0x08004554   0x08004554   0x00000004   Code   RO         2227    x$fpl$printf1       fz_ws.l(printf1.o)
    0x08004558   0x08004558   0x00000004   Code   RO         2229    x$fpl$printf2       fz_ws.l(printf2.o)
    0x0800455c   0x0800455c   0x00000000   Code   RO         2235    x$fpl$usenofp       fz_ws.l(usenofp.o)
    0x0800455c   0x0800455c   0x00000010   Data   RO         2055    .constdata          system_stm32f1xx.o
    0x0800456c   0x0800456c   0x00000008   Data   RO         2056    .constdata          system_stm32f1xx.o
    0x08004574   0x08004574   0x00000028   Data   RO         2123    .constdata          c_w.l(_printf_hex_int_ll_ptr.o)
    0x0800459c   0x0800459c   0x00000011   Data   RO         2143    .constdata          c_w.l(__printf_flags_ss_wp.o)
    0x080045ad   0x080045ad   0x00000003   PAD
    0x080045b0   0x080045b0   0x00000008   Data   RO         2186    .constdata          c_w.l(_printf_wctomb.o)
    0x080045b8   0x080045b8   0x00000026   Data   RO         2256    .constdata          c_w.l(_printf_fp_hex.o)
    0x080045de   0x080045de   0x00000004   Data   RO         2281    .constdata          c_w.l(sys_io.o)
    0x080045e2   0x080045e2   0x00000004   Data   RO         2282    .constdata          c_w.l(sys_io.o)
    0x080045e6   0x080045e6   0x00000004   Data   RO         2283    .constdata          c_w.l(sys_io.o)
    0x080045ea   0x080045ea   0x00000002   PAD
    0x080045ec   0x080045ec   0x00000094   Data   RO         2355    .constdata          c_w.l(bigflt0.o)
    0x08004680   0x08004680   0x00000020   Data   RO         2622    Region$$Table       anon$$obj.o
    0x080046a0   0x080046a0   0x0000001c   Data   RO         2392    locale$$data        c_w.l(lc_numeric_c.o)
    0x080046bc   0x080046bc   0x00000110   Data   RO         2523    locale$$data        c_w.l(lc_ctype_c.o)


    Execution Region RW_IRAM1 (Exec base: 0x20000000, Load base: 0x080047cc, Size: 0x00000858, Max: 0x00005000, ABSOLUTE)

    Exec Addr    Load Addr    Size         Type   Attr      Idx    E Section Name        Object

    0x20000000   0x080047cc   0x0000000a   Data   RW          289    .data               bno055.o
    0x2000000a   0x080047d6   0x00000002   PAD
    0x2000000c   0x080047d8   0x00000008   Data   RW          480    .data               lcd16x2_i2c.o
    0x20000014   0x080047e0   0x0000000c   Data   RW         1067    .data               stm32f1xx_hal.o
    0x20000020   0x080047ec   0x00000004   Data   RW         2057    .data               system_stm32f1xx.o
    0x20000024   0x080047f0   0x00000004   Data   RW         2220    .data               c_w.l(stdio_streams.o)
    0x20000028   0x080047f4   0x00000004   Data   RW         2221    .data               c_w.l(stdio_streams.o)
    0x2000002c   0x080047f8   0x00000004   Data   RW         2222    .data               c_w.l(stdio_streams.o)
    0x20000030        -       0x000000c8   Zero   RW           16    .bss                main.o
    0x200000f8        -       0x00000054   Zero   RW         2217    .bss                c_w.l(stdio_streams.o)
    0x2000014c        -       0x00000054   Zero   RW         2218    .bss                c_w.l(stdio_streams.o)
    0x200001a0        -       0x00000054   Zero   RW         2219    .bss                c_w.l(stdio_streams.o)
    0x200001f4        -       0x00000060   Zero   RW         2477    .bss                c_w.l(libspace.o)
    0x20000254   0x080047fc   0x00000004   PAD
    0x20000258        -       0x00000200   Zero   RW            2    HEAP                startup_stm32f103xb.o
    0x20000458        -       0x00000400   Zero   RW            1    STACK               startup_stm32f103xb.o


==============================================================================

Image component sizes


      Code (inc. data)   RO Data    RW Data    ZI Data      Debug   Object Name

      1246        606          0         10          0      12573   bno055.o
       400         16          0          8          0       4796   lcd16x2_i2c.o
       428         68          0          0        200     401150   main.o
        64         26        236          0       1536        800   startup_stm32f103xb.o
       164         28          0         12          0       5813   stm32f1xx_hal.o
       172         14          0          0          0      28230   stm32f1xx_hal_cortex.o
       490         34          0          0          0       2856   stm32f1xx_hal_gpio.o
      2592         64          0          0          0      14704   stm32f1xx_hal_i2c.o
       196         24          0          0          0       1588   stm32f1xx_hal_msp.o
      1240         88          0          0          0       4573   stm32f1xx_hal_rcc.o
        20          0          0          0          0       3770   stm32f1xx_it.o
         2          0         24          4          0       1083   system_stm32f1xx.o

    ----------------------------------------------------------------------
      7022        968        292         36       1736     481936   Object Totals
         0          0         32          0          0          0   (incl. Generated)
         8          0          0          2          0          0   (incl. Padding)

    ----------------------------------------------------------------------

      Code (inc. data)   RO Data    RW Data    ZI Data      Debug   Library Member Name

        24          4          0          0          0         84   __2printf.o
         8          0          0          0          0         68   __main.o
       392          4         17          0          0         92   __printf_flags_ss_wp.o
        14          0          0          0          0         68   __printf_wp.o
         0          0          0          0          0          0   __rtentry.o
        12          0          0          0          0          0   __rtentry2.o
         6          0          0          0          0          0   __rtentry4.o
        52          8          0          0          0          0   __scatter.o
        26          0          0          0          0          0   __scatter_copy.o
        28          0          0          0          0          0   __scatter_zi.o
         6          0          0          0          0          0   _printf_a.o
         6          0          0          0          0          0   _printf_c.o
        44          0          0          0          0        108   _printf_char.o
        48          6          0          0          0         96   _printf_char_common.o
        36          4          0          0          0         80   _printf_char_file.o
        40          0          0          0          0         68   _printf_charcount.o
         6          0          0          0          0          0   _printf_d.o
       120         16          0          0          0         92   _printf_dec.o
         6          0          0          0          0          0   _printf_e.o
         6          0          0          0          0          0   _printf_f.o
      1054          0          0          0          0        216   _printf_fp_dec.o
       764          8         38          0          0        100   _printf_fp_hex.o
       128         16          0          0          0         84   _printf_fp_infnan.o
         6          0          0          0          0          0   _printf_g.o
       148          4         40          0          0        160   _printf_hex_int_ll_ptr.o
         6          0          0          0          0          0   _printf_i.o
       178          0          0          0          0         88   _printf_intcommon.o
        10          0          0          0          0          0   _printf_l.o
         6          0          0          0          0          0   _printf_lc.o
        10          0          0          0          0          0   _printf_ll.o
         6          0          0          0          0          0   _printf_lld.o
         6          0          0          0          0          0   _printf_lli.o
         6          0          0          0          0          0   _printf_llo.o
         6          0          0          0          0          0   _printf_llu.o
         6          0          0          0          0          0   _printf_llx.o
       124         16          0          0          0         92   _printf_longlong_dec.o
         6          0          0          0          0          0   _printf_ls.o
         6          0          0          0          0          0   _printf_n.o
         6          0          0          0          0          0   _printf_o.o
       112         10          0          0          0        124   _printf_oct_int_ll.o
         6          0          0          0          0          0   _printf_p.o
        78          0          0          0          0        108   _printf_pad.o
         0          0          0          0          0          0   _printf_percent.o
         4          0          0          0          0          0   _printf_percent_end.o
         6          0          0          0          0          0   _printf_s.o
        82          0          0          0          0         80   _printf_str.o
        36          0          0          0          0         84   _printf_truncate.o
         6          0          0          0          0          0   _printf_u.o
        44          0          0          0          0        108   _printf_wchar.o
       188          6          8          0          0         92   _printf_wctomb.o
         6          0          0          0          0          0   _printf_x.o
        10          0          0          0          0         68   _sputc.o
        64          0          0          0          0         92   _wcrtomb.o
       228          4        148          0          0         96   bigflt0.o
      1936        128          0          0          0        672   btod.o
        10          0          0          0          0         68   defsig_exit.o
        50          0          0          0          0         88   defsig_general.o
        80         58          0          0          0         76   defsig_rtmem_inner.o
        14          0          0          0          0         80   defsig_rtmem_outer.o
        52         38          0          0          0         76   defsig_rtred_inner.o
        14          0          0          0          0         80   defsig_rtred_outer.o
        18          0          0          0          0         80   exit.o
        76          0          0          0          0         88   fclose.o
         8          0          0          0          0         68   ferror.o
       470          0          0          0          0         88   flsbuf.o
       236          4          0          0          0        128   fopen.o
        26          0          0          0          0         68   fputc.o
       248          6          0          0          0         84   fseek.o
        66          0          0          0          0         76   ftell.o
        94          0          0          0          0         80   h1_alloc.o
        52          0          0          0          0         68   h1_extend.o
        78          0          0          0          0         80   h1_free.o
        14          0          0          0          0         84   h1_init.o
         6          0          0          0          0        152   heapauxi.o
         4          0          0          0          0        136   hguard.o
         0          0          0          0          0          0   indicate_semi.o
       138          0          0          0          0        168   init_alloc.o
       312         46          0          0          0        112   initio.o
        44         10        272          0          0         76   lc_ctype_c.o
        44         10         28          0          0         76   lc_numeric_c.o
         2          0          0          0          0          0   libinit.o
        42          0          0          0          0          0   libinit2.o
         2          0          0          0          0          0   libshutdown.o
         6          0          0          0          0          0   libshutdown2.o
         8          4          0          0         96         68   libspace.o
       138          0          0          0          0         80   lludiv10.o
         0          0          0          0          0          0   maybetermalloc1.o
        16          4          0          0          0         76   rt_ctype_table.o
         8          4          0          0          0         68   rt_errno_addr_intlibspace.o
         8          4          0          0          0         68   rt_heap_descriptor_intlibspace.o
         8          4          0          0          0         68   rt_locale_intlibspace.o
        78          0          0          0          0         80   rt_memclr_w.o
       100          0          0          0          0         80   rt_memcpy_w.o
         2          0          0          0          0          0   rtexit.o
        10          0          0          0          0          0   rtexit2.o
        70          0          0          0          0         80   setvbuf.o
       240          6          0          0          0        156   stdio.o
         0          0          0         12        252          0   stdio_streams.o
       128          0          0          0          0         68   strcmpv7m.o
        62          0          0          0          0         76   strlen.o
        12          4          0          0          0         68   sys_exit.o
       102          0         12          0          0        240   sys_io.o
        74          0          0          0          0         80   sys_stackheap_outer.o
        14          0          0          0          0         76   sys_wrch.o
         2          0          0          0          0         68   use_no_semi.o
        36          4          0          0          0         76   vsprintf.o
       688        140          0          0          0        208   ddiv.o
        84          0          0          0          0        136   dflt_clz.o
       156          4          0          0          0         92   dnaninf.o
        12          0          0          0          0         68   dretinf.o
         4          0          0          0          0         68   printf1.o
         4          0          0          0          0         68   printf2.o
         0          0          0          0          0          0   usenofp.o
        40          0          0          0          0         68   fpclassify.o

    ----------------------------------------------------------------------
     10498        584        568         12        352       7484   Library Totals
        20          0          5          0          4          0   (incl. Padding)

    ----------------------------------------------------------------------

      Code (inc. data)   RO Data    RW Data    ZI Data      Debug   Library Name

      9490        440        563         12        348       6776   c_w.l
       948        144          0          0          0        640   fz_ws.l
        40          0          0          0          0         68   m_ws.l

    ----------------------------------------------------------------------
     10498        584        568         12        352       7484   Library Totals

    ----------------------------------------------------------------------

==============================================================================


      Code (inc. data)   RO Data    RW Data    ZI Data      Debug   

     17520       1552        860         48       2088     482552   Grand Totals
     17520       1552        860         48       2088     482552   ELF Image Totals
     17520       1552        860         48          0          0   ROM Totals

==============================================================================

    Total RO  Size (Code + RO Data)                18380 (  17.95kB)
    Total RW  Size (RW Data + ZI Data)              2136 (   2.09kB)
    Total ROM Size (Code + RO Data + RW Data)      18428 (  18.00kB)

==============================================================================

